Archive member included to satisfy reference by file (symbol)

D:/133167~1.3RE/bin/../lib/gcc/arm-none-eabi/13.3.1/thumb/v7-m/nofp\libgcc.a(_arm_muldf3.o)
                              CMakeFiles/CLionSTM32Demo.elf.dir/hardware/src/PID.cpp.obj (__aeabi_dmul)
D:/133167~1.3RE/bin/../lib/gcc/arm-none-eabi/13.3.1/thumb/v7-m/nofp\libgcc.a(_arm_mulsf3.o)
                              CMakeFiles/CLionSTM32Demo.elf.dir/hardware/src/PID.cpp.obj (__aeabi_fmul)
D:/133167~1.3RE/bin/../lib/gcc/arm-none-eabi/13.3.1/thumb/v7-m/nofp\libgcc.a(_arm_addsubdf3.o)
                              CMakeFiles/CLionSTM32Demo.elf.dir/hardware/src/PID.cpp.obj (__aeabi_dsub)
D:/133167~1.3RE/bin/../lib/gcc/arm-none-eabi/13.3.1/thumb/v7-m/nofp\libgcc.a(_arm_truncdfsf2.o)
                              CMakeFiles/CLionSTM32Demo.elf.dir/hardware/src/PID.cpp.obj (__aeabi_d2f)
D:/133167~1.3RE/bin/../lib/gcc/arm-none-eabi/13.3.1/thumb/v7-m/nofp\libgcc.a(_arm_addsubsf3.o)
                              CMakeFiles/CLionSTM32Demo.elf.dir/hardware/src/PID.cpp.obj (__aeabi_fsub)
D:/133167~1.3RE/bin/../lib/gcc/arm-none-eabi/13.3.1/thumb/v7-m/nofp\libgcc.a(_arm_cmpsf2.o)
                              CMakeFiles/CLionSTM32Demo.elf.dir/hardware/src/PID.cpp.obj (__aeabi_fcmplt)
D:/133167~1.3RE/bin/../lib/gcc/arm-none-eabi/13.3.1/thumb/v7-m/nofp\libgcc.a(_arm_fixsfsi.o)
                              CMakeFiles/CLionSTM32Demo.elf.dir/hardware/src/PID.cpp.obj (__aeabi_f2iz)
D:/133167~1.3RE/bin/../lib/gcc/arm-none-eabi/13.3.1/thumb/v7-m/nofp\libgcc.a(unwind-arm.o)
                              CMakeFiles/CLionSTM32Demo.elf.dir/hardware/src/ADCconfig.cpp.obj (__aeabi_unwind_cpp_pr0)
D:/133167~1.3RE/bin/../lib/gcc/arm-none-eabi/13.3.1/thumb/v7-m/nofp\libgcc.a(libunwind.o)
                              D:/133167~1.3RE/bin/../lib/gcc/arm-none-eabi/13.3.1/thumb/v7-m/nofp\libgcc.a(unwind-arm.o) (restore_core_regs)
D:/133167~1.3RE/bin/../lib/gcc/arm-none-eabi/13.3.1/thumb/v7-m/nofp\libgcc.a(pr-support.o)
                              D:/133167~1.3RE/bin/../lib/gcc/arm-none-eabi/13.3.1/thumb/v7-m/nofp\libgcc.a(unwind-arm.o) (__gnu_unwind_execute)
D:/133167~1.3RE/bin/../lib/gcc/arm-none-eabi/13.3.1/thumb/v7-m/nofp\libg_nano.a(libc_a-abort.o)
                              D:/133167~1.3RE/bin/../lib/gcc/arm-none-eabi/13.3.1/thumb/v7-m/nofp\libgcc.a(unwind-arm.o) (abort)
D:/133167~1.3RE/bin/../lib/gcc/arm-none-eabi/13.3.1/thumb/v7-m/nofp\libg_nano.a(libc_a-exit.o)
                              D:/133167~1.3RE/bin/../lib/gcc/arm-none-eabi/13.3.1/thumb/v7-m/nofp/crt0.o (exit)
D:/133167~1.3RE/bin/../lib/gcc/arm-none-eabi/13.3.1/thumb/v7-m/nofp\libg_nano.a(libc_a-nano-vfprintf_float.o)
                              (_printf_float)
D:/133167~1.3RE/bin/../lib/gcc/arm-none-eabi/13.3.1/thumb/v7-m/nofp\libg_nano.a(libc_a-nano-vfprintf_i.o)
                              D:/133167~1.3RE/bin/../lib/gcc/arm-none-eabi/13.3.1/thumb/v7-m/nofp\libg_nano.a(libc_a-nano-vfprintf_float.o) (_printf_common)
D:/133167~1.3RE/bin/../lib/gcc/arm-none-eabi/13.3.1/thumb/v7-m/nofp\libg_nano.a(libc_a-findfp.o)
                              D:/133167~1.3RE/bin/../lib/gcc/arm-none-eabi/13.3.1/thumb/v7-m/nofp\libg_nano.a(libc_a-exit.o) (__stdio_exit_handler)
D:/133167~1.3RE/bin/../lib/gcc/arm-none-eabi/13.3.1/thumb/v7-m/nofp\libg_nano.a(libc_a-fwalk.o)
                              D:/133167~1.3RE/bin/../lib/gcc/arm-none-eabi/13.3.1/thumb/v7-m/nofp\libg_nano.a(libc_a-findfp.o) (_fwalk_sglue)
D:/133167~1.3RE/bin/../lib/gcc/arm-none-eabi/13.3.1/thumb/v7-m/nofp\libg_nano.a(libc_a-sprintf.o)
                              CMakeFiles/CLionSTM32Demo.elf.dir/user/src/main.cpp.obj (sprintf)
D:/133167~1.3RE/bin/../lib/gcc/arm-none-eabi/13.3.1/thumb/v7-m/nofp\libg_nano.a(libc_a-stdio.o)
                              D:/133167~1.3RE/bin/../lib/gcc/arm-none-eabi/13.3.1/thumb/v7-m/nofp\libg_nano.a(libc_a-findfp.o) (__sread)
D:/133167~1.3RE/bin/../lib/gcc/arm-none-eabi/13.3.1/thumb/v7-m/nofp\libg_nano.a(libc_a-memset.o)
                              D:/133167~1.3RE/bin/../lib/gcc/arm-none-eabi/13.3.1/thumb/v7-m/nofp/crt0.o (memset)
D:/133167~1.3RE/bin/../lib/gcc/arm-none-eabi/13.3.1/thumb/v7-m/nofp\libg_nano.a(libc_a-signal.o)
                              D:/133167~1.3RE/bin/../lib/gcc/arm-none-eabi/13.3.1/thumb/v7-m/nofp\libg_nano.a(libc_a-abort.o) (raise)
D:/133167~1.3RE/bin/../lib/gcc/arm-none-eabi/13.3.1/thumb/v7-m/nofp\libg_nano.a(libc_a-localeconv.o)
                              D:/133167~1.3RE/bin/../lib/gcc/arm-none-eabi/13.3.1/thumb/v7-m/nofp\libg_nano.a(libc_a-nano-vfprintf_float.o) (_localeconv_r)
D:/133167~1.3RE/bin/../lib/gcc/arm-none-eabi/13.3.1/thumb/v7-m/nofp\libg_nano.a(libc_a-closer.o)
                              D:/133167~1.3RE/bin/../lib/gcc/arm-none-eabi/13.3.1/thumb/v7-m/nofp\libg_nano.a(libc_a-stdio.o) (_close_r)
D:/133167~1.3RE/bin/../lib/gcc/arm-none-eabi/13.3.1/thumb/v7-m/nofp\libg_nano.a(libc_a-reent.o)
[...]
Memory Configuration

Name             Origin             Length             Attributes
RAM              0x20000000         0x00005000         xrw
FLASH            0x08000000         0x00010000         xr
*default*        0x00000000         0xffffffff

Linker script and memory map

LOAD D:/133167~1.3RE/bin/../lib/gcc/arm-none-eabi/13.3.1/thumb/v7-m/nofp/crti.o
LOAD D:/133167~1.3RE/bin/../lib/gcc/arm-none-eabi/13.3.1/thumb/v7-m/nofp/crtbegin.o
LOAD D:/133167~1.3RE/bin/../lib/gcc/arm-none-eabi/13.3.1/thumb/v7-m/nofp/crt0.o
LOAD CMakeFiles/CLionSTM32Demo.elf.dir/STM32F10x_FWLib/src/core_cm3.c.obj
LOAD CMakeFiles/CLionSTM32Demo.elf.dir/STM32F10x_FWLib/src/misc.c.obj
LOAD CMakeFiles/CLionSTM32Demo.elf.dir/STM32F10x_FWLib/src/stm32f10x_adc.c.obj
LOAD CMakeFiles/CLionSTM32Demo.elf.dir/STM32F10x_FWLib/src/stm32f10x_bkp.c.obj
LOAD CMakeFiles/CLionSTM32Demo.elf.dir/STM32F10x_FWLib/src/stm32f10x_can.c.obj
LOAD CMakeFiles/CLionSTM32Demo.elf.dir/STM32F10x_FWLib/src/stm32f10x_cec.c.obj
LOAD CMakeFiles/CLionSTM32Demo.elf.dir/STM32F10x_FWLib/src/stm32f10x_crc.c.obj
LOAD CMakeFiles/CLionSTM32Demo.elf.dir/STM32F10x_FWLib/src/stm32f10x_dac.c.obj
LOAD CMakeFiles/CLionSTM32Demo.elf.dir/STM32F10x_FWLib/src/stm32f10x_dbgmcu.c.obj
LOAD CMakeFiles/CLionSTM32Demo.elf.dir/STM32F10x_FWLib/src/stm32f10x_dma.c.obj
LOAD CMakeFiles/CLionSTM32Demo.elf.dir/STM32F10x_FWLib/src/stm32f10x_exti.c.obj
LOAD CMakeFiles/CLionSTM32Demo.elf.dir/STM32F10x_FWLib/src/stm32f10x_flash.c.obj
LOAD CMakeFiles/CLionSTM32Demo.elf.dir/STM32F10x_FWLib/src/stm32f10x_fsmc.c.obj
LOAD CMakeFiles/CLionSTM32Demo.elf.dir/STM32F10x_FWLib/src/stm32f10x_gpio.c.obj
LOAD CMakeFiles/CLionSTM32Demo.elf.dir/STM32F10x_FWLib/src/stm32f10x_i2c.c.obj
LOAD CMakeFiles/CLionSTM32Demo.elf.dir/STM32F10x_FWLib/src/stm32f10x_iwdg.c.obj
LOAD CMakeFiles/CLionSTM32Demo.elf.dir/STM32F10x_FWLib/src/stm32f10x_pwr.c.obj
LOAD CMakeFiles/CLionSTM32Demo.elf.dir/STM32F10x_FWLib/src/stm32f10x_rcc.c.obj
LOAD CMakeFiles/CLionSTM32Demo.elf.dir/STM32F10x_FWLib/src/stm32f10x_rtc.c.obj
LOAD CMakeFiles/CLionSTM32Demo.elf.dir/STM32F10x_FWLib/src/stm32f10x_sdio.c.obj
LOAD CMakeFiles/CLionSTM32Demo.elf.dir/STM32F10x_FWLib/src/stm32f10x_spi.c.obj
LOAD CMakeFiles/CLionSTM32Demo.elf.dir/STM32F10x_FWLib/src/stm32f10x_tim.c.obj
LOAD CMakeFiles/CLionSTM32Demo.elf.dir/STM32F10x_FWLib/src/stm32f10x_usart.c.obj
LOAD CMakeFiles/CLionSTM32Demo.elf.dir/STM32F10x_FWLib/src/stm32f10x_wwdg.c.obj
LOAD CMakeFiles/CLionSTM32Demo.elf.dir/STM32F10x_FWLib/src/system_stm32f10x.c.obj
LOAD CMakeFiles/CLionSTM32Demo.elf.dir/hardware/src/ADCconfig.cpp.obj
LOAD CMakeFiles/CLionSTM32Demo.elf.dir/hardware/src/Delay.cpp.obj
LOAD CMakeFiles/CLionSTM32Demo.elf.dir/hardware/src/ESP8266.cpp.obj
LOAD CMakeFiles/CLionSTM32Demo.elf.dir/hardware/src/Encoder.cpp.obj
LOAD CMakeFiles/CLionSTM32Demo.elf.dir/hardware/src/Motor.cpp.obj
LOAD CMakeFiles/CLionSTM32Demo.elf.dir/hardware/src/OLED.cpp.obj
LOAD CMakeFiles/CLionSTM32Demo.elf.dir/hardware/src/PID.cpp.obj
LOAD CMakeFiles/CLionSTM32Demo.elf.dir/hardware/src/PWM.cpp.obj
LOAD CMakeFiles/CLionSTM32Demo.elf.dir/hardware/src/Timer.cpp.obj
LOAD CMakeFiles/CLionSTM32Demo.elf.dir/hardware/src/UART.cpp.obj
LOAD CMakeFiles/CLionSTM32Demo.elf.dir/startup/startup_stm32f10x_md.s.obj
LOAD CMakeFiles/CLionSTM32Demo.elf.dir/user/src/main.cpp.obj
LOAD D:/133167~1.3RE/bin/../lib/gcc/arm-none-eabi/13.3.1/thumb/v7-m/nofp\libstdc++_nano.a
LOAD D:/133167~1.3RE/bin/../lib/gcc/arm-none-eabi/13.3.1/thumb/v7-m/nofp\libm.a
START GROUP
LOAD D:/133167~1.3RE/bin/../lib/gcc/arm-none-eabi/13.3.1/thumb/v7-m/nofp\libgcc.a
LOAD D:/133167~1.3RE/bin/../lib/gcc/arm-none-eabi/13.3.1/thumb/v7-m/nofp\libg_nano.a
LOAD D:/133167~1.3RE/bin/../lib/gcc/arm-none-eabi/13.3.1/thumb/v7-m/nofp\libc_nano.a
END GROUP
START GROUP
LOAD D:/133167~1.3RE/bin/../lib/gcc/arm-none-eabi/13.3.1/thumb/v7-m/nofp\libgcc.a
LOAD D:/133167~1.3RE/bin/../lib/gcc/arm-none-eabi/13.3.1/thumb/v7-m/nofp\libc_nano.a
LOAD D:/133167~1.3RE/bin/../lib/gcc/arm-none-eabi/13.3.1/thumb/v7-m/nofp\libnosys.a
END GROUP
START GROUP
LOAD D:/133167~1.3RE/bin/../lib/gcc/arm-none-eabi/13.3.1/thumb/v7-m/nofp\libgcc.a
LOAD D:/133167~1.3RE/bin/../lib/gcc/arm-none-eabi/13.3.1/thumb/v7-m/nofp\libc_nano.a
LOAD D:/133167~1.3RE/bin/../lib/gcc/arm-none-eabi/13.3.1/thumb/v7-m/nofp\libnosys.a
END GROUP
LOAD D:/133167~1.3RE/bin/../lib/gcc/arm-none-eabi/13.3.1/thumb/v7-m/nofp/crtend.o
LOAD D:/133167~1.3RE/bin/../lib/gcc/arm-none-eabi/13.3.1/thumb/v7-m/nofp/crtn.o
                0x20005000                        _estack = 0x20005000
                0x00000200                        _Min_Heap_Size = 0x200
                0x00000400                        _Min_Stack_Size = 0x400

.isr_vector     0x08000000      0x10c
                0x08000000                        . = ALIGN (0x4)
 *(.isr_vector)
 .isr_vector    0x08000000      0x10c CMakeFiles/CLionSTM32Demo.elf.dir/startup/startup_stm32f10x_md.s.obj
                0x08000000                g_pfnVectors
                0x0800010c                        . = ALIGN (0x4)

.text           0x08000110     0x5bd4
                0x08000110                        . = ALIGN (0x4)
 *(.text)
 .text          0x08000110      0x378 D:/133167~1.3RE/bin/../lib/gcc/arm-none-eabi/13.3.1/thumb/v7-m/nofp\libgcc.a(_arm_addsubdf3.o)
                0x08000110                __aeabi_drsub
                0x08000118                __aeabi_dsub
                0x08000118                __subdf3
                0x0800011c                __aeabi_dadd
                0x0800011c                __adddf3
                0x08000394                __floatunsidf
                0x08000394                __aeabi_ui2d
                0x080003b4                __floatsidf
                0x080003b4                __aeabi_i2d
                0x080003d8                __aeabi_f2d
                0x080003d8                __extendsfdf2
                0x0800041c                __floatundidf
                0x0800041c                __aeabi_ul2d
                0x0800042c                __floatdidf
                0x0800042c                __aeabi_l2d
 .text          0x08000488       0xa0 D:/133167~1.3RE/bin/../lib/gcc/arm-none-eabi/13.3.1/thumb/v7-m/nofp\libgcc.a(_arm_truncdfsf2.o)
                0x08000488                __truncdfsf2
                0x08000488                __aeabi_d2f
 .text          0x08000528      0x21c D:/133167~1.3RE/bin/../lib/gcc/arm-none-eabi/13.3.1/thumb/v7-m/nofp\libgcc.a(_arm_addsubsf3.o)
                0x08000528                __aeabi_frsub
                0x08000530                __subsf3
                0x08000530                __aeabi_fsub
                0x08000534                __aeabi_fadd
                0x08000534                __addsf3
                0x08000694                __aeabi_ui2f
                0x08000694                __floatunsisf
                0x0800069c                __aeabi_i2f
                0x0800069c                __floatsisf
                0x080006b8                __aeabi_ul2f
                0x080006b8                __floatundisf
                0x080006c8                __aeabi_l2f
                0x080006c8                __floatdisf
 .text          0x08000744       0xec D:/133167~1.3RE/bin/../lib/gcc/arm-none-eabi/13.3.1/thumb/v7-m/nofp\libgcc.a(_arm_cmpsf2.o)
                0x08000744                __gesf2
                0x08000744                __gtsf2
                0x0800074c                __lesf2
                0x0800074c                __ltsf2
                0x08000754                __nesf2
                0x08000754                __eqsf2
                0x08000754                __cmpsf2
                0x080007b4                __aeabi_cfrcmple
                0x080007bc                __aeabi_cfcmpeq
                0x080007bc                __aeabi_cfcmple
                0x080007cc                __aeabi_fcmpeq
                0x080007e0                __aeabi_fcmplt
                0x080007f4                __aeabi_fcmple
                0x08000808                __aeabi_fcmpge
                0x0800081c                __aeabi_fcmpgt
 .text          0x08000830       0x4c D:/133167~1.3RE/bin/../lib/gcc/arm-none-eabi/13.3.1/thumb/v7-m/nofp\libgcc.a(_arm_fixsfsi.o)
                0x08000830                __aeabi_f2iz
                0x08000830                __fixsfsi
 .text          0x0800087c      0x1ac D:/133167~1.3RE/bin/../lib/gcc/arm-none-eabi/13.3.1/thumb/v7-m/nofp\libgcc.a(libunwind.o)
                0x0800087c                __restore_core_regs
                0x0800087c                restore_core_regs
                0x08000894                __gnu_Unwind_Restore_VFP
                0x0800089c                __gnu_Unwind_Save_VFP
                0x080008a4                __gnu_Unwind_Restore_VFP_D
                0x080008ac                __gnu_Unwind_Save_VFP_D
                0x080008b4                __gnu_Unwind_Restore_VFP_D_16_to_31
                0x080008bc                __gnu_Unwind_Save_VFP_D_16_to_31
                0x080008c4                __gnu_Unwind_Restore_WMMXD
                0x08000908                __gnu_Unwind_Save_WMMXD
                0x0800094c                __gnu_Unwind_Restore_WMMXC
                0x08000960                __gnu_Unwind_Save_WMMXC
                0x08000974                ___Unwind_RaiseException
                0x08000974                _Unwind_RaiseException
                0x08000998                _Unwind_Resume
                0x08000998                ___Unwind_Resume
                0x080009bc                _Unwind_Resume_or_Rethrow
                0x080009bc                ___Unwind_Resume_or_Rethrow
                0x080009e0                _Unwind_ForcedUnwind
                0x080009e0                ___Unwind_ForcedUnwind
                0x08000a04                ___Unwind_Backtrace
                0x08000a04                _Unwind_Backtrace
 .text          0x08000a28       0x10 D:/133167~1.3RE/bin/../lib/gcc/arm-none-eabi/13.3.1/thumb/v7-m/nofp\libg_nano.a(libc_a-strlen.o)
                0x08000a28                strlen
 .text          0x08000a38      0x424 D:/133167~1.3RE/bin/../lib/gcc/arm-none-eabi/13.3.1/thumb/v7-m/nofp\libgcc.a(_arm_muldivdf3.o)
                0x08000a38                __aeabi_dmul
                0x08000a38                __muldf3
                0x08000c8c                __divdf3
                0x08000c8c                __aeabi_ddiv
 .text          0x08000e5c      0x110 D:/133167~1.3RE/bin/../lib/gcc/arm-none-eabi/13.3.1/thumb/v7-m/nofp\libgcc.a(_arm_cmpdf2.o)
                0x08000e5c                __gtdf2
                0x08000e5c                __gedf2
                0x08000e64                __ltdf2
                0x08000e64                __ledf2
                0x08000e6c                __nedf2
                0x08000e6c                __eqdf2
                0x08000e6c                __cmpdf2
                0x08000ee8                __aeabi_cdrcmple
                0x08000ef8                __aeabi_cdcmpeq
                0x08000ef8                __aeabi_cdcmple
                0x08000f08                __aeabi_dcmpeq
                0x08000f1c                __aeabi_dcmplt
                0x08000f30                __aeabi_dcmple
                0x08000f44                __aeabi_dcmpge
                0x08000f58                __aeabi_dcmpgt
 .text          0x08000f6c       0x2c D:/133167~1.3RE/bin/../lib/gcc/arm-none-eabi/13.3.1/thumb/v7-m/nofp\libgcc.a(_arm_unorddf2.o)
                0x08000f6c                __unorddf2
                0x08000f6c                __aeabi_dcmpun
 .text          0x08000f98       0x50 D:/133167~1.3RE/bin/../lib/gcc/arm-none-eabi/13.3.1/thumb/v7-m/nofp\libgcc.a(_arm_fixdfsi.o)
                0x08000f98                __aeabi_d2iz
                0x08000f98                __fixdfsi
 *(.text*)
 .text.deregister_tm_clones
                0x08000fe8       0x1c D:/133167~1.3RE/bin/../lib/gcc/arm-none-eabi/13.3.1/thumb/v7-m/nofp/crtbegin.o
 .text.register_tm_clones
                0x08001004       0x24 D:/133167~1.3RE/bin/../lib/gcc/arm-none-eabi/13.3.1/thumb/v7-m/nofp/crtbegin.o
 .text.__do_global_dtors_aux
                0x08001028       0x28 D:/133167~1.3RE/bin/../lib/gcc/arm-none-eabi/13.3.1/thumb/v7-m/nofp/crtbegin.o
 .text.frame_dummy
                0x08001050       0x24 D:/133167~1.3RE/bin/../lib/gcc/arm-none-eabi/13.3.1/thumb/v7-m/nofp/crtbegin.o
 .text.NVIC_PriorityGroupConfig
                0x08001074       0x14 CMakeFiles/CLionSTM32Demo.elf.dir/STM32F10x_FWLib/src/misc.c.obj
                0x08001074                NVIC_PriorityGroupConfig
 .text.NVIC_Init
                0x08001088       0x60 CMakeFiles/CLionSTM32Demo.elf.dir/STM32F10x_FWLib/src/misc.c.obj
                0x08001088                NVIC_Init
 .text.ADC_DeInit
                0x080010e8       0x64 CMakeFiles/CLionSTM32Demo.elf.dir/STM32F10x_FWLib/src/stm32f10x_adc.c.obj
                0x080010e8                ADC_DeInit
 .text.ADC_Init
                0x0800114c       0x4c CMakeFiles/CLionSTM32Demo.elf.dir/STM32F10x_FWLib/src/stm32f10x_adc.c.obj
                0x0800114c                ADC_Init
 .text.ADC_Cmd  0x08001198       0x16 CMakeFiles/CLionSTM32Demo.elf.dir/STM32F10x_FWLib/src/stm32f10x_adc.c.obj
                0x08001198                ADC_Cmd
 .text.ADC_ResetCalibration
                0x080011ae        0xa CMakeFiles/CLionSTM32Demo.elf.dir/STM32F10x_FWLib/src/stm32f10x_adc.c.obj
                0x080011ae                ADC_ResetCalibration
 .text.ADC_GetResetCalibrationStatus
                0x080011b8       0x10 CMakeFiles/CLionSTM32Demo.elf.dir/STM32F10x_FWLib/src/stm32f10x_adc.c.obj
                0x080011b8                ADC_GetResetCalibrationStatus
 .text.ADC_StartCalibration
                0x080011c8        0xa CMakeFiles/CLionSTM32Demo.elf.dir/STM32F10x_FWLib/src/stm32f10x_adc.c.obj
                0x080011c8                ADC_StartCalibration
 .text.ADC_GetCalibrationStatus
                0x080011d2       0x10 CMakeFiles/CLionSTM32Demo.elf.dir/STM32F10x_FWLib/src/stm32f10x_adc.c.obj
                0x080011d2                ADC_GetCalibrationStatus
 .text.ADC_SoftwareStartConvCmd
                0x080011e2       0x16 CMakeFiles/CLionSTM32Demo.elf.dir/STM32F10x_FWLib/src/stm32f10x_adc.c.obj
                0x080011e2                ADC_SoftwareStartConvCmd
 .text.ADC_RegularChannelConfig
                0x080011f8       0x98 CMakeFiles/CLionSTM32Demo.elf.dir/STM32F10x_FWLib/src/stm32f10x_adc.c.obj
                0x080011f8                ADC_RegularChannelConfig
 .text.ADC_GetConversionValue
                0x08001290        0x6 CMakeFiles/CLionSTM32Demo.elf.dir/STM32F10x_FWLib/src/stm32f10x_adc.c.obj
                0x08001290                ADC_GetConversionValue
 .text.ADC_GetFlagStatus
                0x08001296        0xe CMakeFiles/CLionSTM32Demo.elf.dir/STM32F10x_FWLib/src/stm32f10x_adc.c.obj
                0x08001296                ADC_GetFlagStatus
 .text.GPIO_Init
                0x080012a4       0xb0 CMakeFiles/CLionSTM32Demo.elf.dir/STM32F10x_FWLib/src/stm32f10x_gpio.c.obj
                0x080012a4                GPIO_Init
 .text.GPIO_SetBits
                0x08001354        0x4 CMakeFiles/CLionSTM32Demo.elf.dir/STM32F10x_FWLib/src/stm32f10x_gpio.c.obj
                0x08001354                GPIO_SetBits
 .text.GPIO_ResetBits
                0x08001358        0x4 CMakeFiles/CLionSTM32Demo.elf.dir/STM32F10x_FWLib/src/stm32f10x_gpio.c.obj
                0x08001358                GPIO_ResetBits
 .text.RCC_ADCCLKConfig
                0x0800135c       0x14 CMakeFiles/CLionSTM32Demo.elf.dir/STM32F10x_FWLib/src/stm32f10x_rcc.c.obj
                0x0800135c                RCC_ADCCLKConfig
 .text.RCC_GetClocksFreq
                0x08001370       0xbc CMakeFiles/CLionSTM32Demo.elf.dir/STM32F10x_FWLib/src/stm32f10x_rcc.c.obj
                0x08001370                RCC_GetClocksFreq
 .text.RCC_APB2PeriphClockCmd
                0x0800142c       0x1c CMakeFiles/CLionSTM32Demo.elf.dir/STM32F10x_FWLib/src/stm32f10x_rcc.c.obj
                0x0800142c                RCC_APB2PeriphClockCmd
 .text.RCC_APB1PeriphClockCmd
                0x08001448       0x1c CMakeFiles/CLionSTM32Demo.elf.dir/STM32F10x_FWLib/src/stm32f10x_rcc.c.obj
                0x08001448                RCC_APB1PeriphClockCmd
 .text.RCC_APB2PeriphResetCmd
                0x08001464       0x1c CMakeFiles/CLionSTM32Demo.elf.dir/STM32F10x_FWLib/src/stm32f10x_rcc.c.obj
                0x08001464                RCC_APB2PeriphResetCmd
 .text.TI1_Config
                0x08001480       0x88 CMakeFiles/CLionSTM32Demo.elf.dir/STM32F10x_FWLib/src/stm32f10x_tim.c.obj
 .text.TI2_Config
                0x08001508       0x94 CMakeFiles/CLionSTM32Demo.elf.dir/STM32F10x_FWLib/src/stm32f10x_tim.c.obj
 .text.TI3_Config
                0x0800159c       0x8c CMakeFiles/CLionSTM32Demo.elf.dir/STM32F10x_FWLib/src/stm32f10x_tim.c.obj
 .text.TI4_Config
                0x08001628       0x98 CMakeFiles/CLionSTM32Demo.elf.dir/STM32F10x_FWLib/src/stm32f10x_tim.c.obj
 .text.TIM_TimeBaseInit
                0x080016c0       0x94 CMakeFiles/CLionSTM32Demo.elf.dir/STM32F10x_FWLib/src/stm32f10x_tim.c.obj
                0x080016c0                TIM_TimeBaseInit
 .text.TIM_OC3Init
                0x08001754       0x94 CMakeFiles/CLionSTM32Demo.elf.dir/STM32F10x_FWLib/src/stm32f10x_tim.c.obj
                0x08001754                TIM_OC3Init
 .text.TIM_OCStructInit
                0x080017e8       0x14 CMakeFiles/CLionSTM32Demo.elf.dir/STM32F10x_FWLib/src/stm32f10x_tim.c.obj
                0x080017e8                TIM_OCStructInit
 .text.TIM_ICStructInit
                0x080017fc       0x10 CMakeFiles/CLionSTM32Demo.elf.dir/STM32F10x_FWLib/src/stm32f10x_tim.c.obj
                0x080017fc                TIM_ICStructInit
 .text.TIM_Cmd  0x0800180c       0x1c CMakeFiles/CLionSTM32Demo.elf.dir/STM32F10x_FWLib/src/stm32f10x_tim.c.obj
                0x0800180c                TIM_Cmd
 .text.TIM_ITConfig
                0x08001828       0x18 CMakeFiles/CLionSTM32Demo.elf.dir/STM32F10x_FWLib/src/stm32f10x_tim.c.obj
                0x08001828                TIM_ITConfig
 .text.TIM_InternalClockConfig
                0x08001840        0xe CMakeFiles/CLionSTM32Demo.elf.dir/STM32F10x_FWLib/src/stm32f10x_tim.c.obj
                0x08001840                TIM_InternalClockConfig
 .text.TIM_EncoderInterfaceConfig
                0x0800184e       0x46 CMakeFiles/CLionSTM32Demo.elf.dir/STM32F10x_FWLib/src/stm32f10x_tim.c.obj
                0x0800184e                TIM_EncoderInterfaceConfig
 .text.TIM_SetCounter
                0x08001894        0x4 CMakeFiles/CLionSTM32Demo.elf.dir/STM32F10x_FWLib/src/stm32f10x_tim.c.obj
                0x08001894                TIM_SetCounter
 .text.TIM_SetCompare3
                0x08001898        0x4 CMakeFiles/CLionSTM32Demo.elf.dir/STM32F10x_FWLib/src/stm32f10x_tim.c.obj
                0x08001898                TIM_SetCompare3
 .text.TIM_SetIC1Prescaler
                0x0800189c       0x16 CMakeFiles/CLionSTM32Demo.elf.dir/STM32F10x_FWLib/src/stm32f10x_tim.c.obj
                0x0800189c                TIM_SetIC1Prescaler
 .text.TIM_SetIC2Prescaler
                0x080018b2       0x1a CMakeFiles/CLionSTM32Demo.elf.dir/STM32F10x_FWLib/src/stm32f10x_tim.c.obj
                0x080018b2                TIM_SetIC2Prescaler
 .text.TIM_SetIC3Prescaler
                0x080018cc       0x16 CMakeFiles/CLionSTM32Demo.elf.dir/STM32F10x_FWLib/src/stm32f10x_tim.c.obj
                0x080018cc                TIM_SetIC3Prescaler
 .text.TIM_SetIC4Prescaler
                0x080018e2       0x1a CMakeFiles/CLionSTM32Demo.elf.dir/STM32F10x_FWLib/src/stm32f10x_tim.c.obj
                0x080018e2                TIM_SetIC4Prescaler
 .text.TIM_ICInit
                0x080018fc       0x62 CMakeFiles/CLionSTM32Demo.elf.dir/STM32F10x_FWLib/src/stm32f10x_tim.c.obj
                0x080018fc                TIM_ICInit
 .text.TIM_ClearFlag
                0x0800195e        0x8 CMakeFiles/CLionSTM32Demo.elf.dir/STM32F10x_FWLib/src/stm32f10x_tim.c.obj
                0x0800195e                TIM_ClearFlag
 *fill*         0x08001966        0x2 
 .text.USART_Init
                0x08001968       0xc4 CMakeFiles/CLionSTM32Demo.elf.dir/STM32F10x_FWLib/src/stm32f10x_usart.c.obj
                0x08001968                USART_Init
 .text.USART_Cmd
                0x08001a2c       0x1c CMakeFiles/CLionSTM32Demo.elf.dir/STM32F10x_FWLib/src/stm32f10x_usart.c.obj
                0x08001a2c                USART_Cmd
 .text.USART_ITConfig
                0x08001a48       0x36 CMakeFiles/CLionSTM32Demo.elf.dir/STM32F10x_FWLib/src/stm32f10x_usart.c.obj
                0x08001a48                USART_ITConfig
 .text.USART_SendData
                0x08001a7e        0x8 CMakeFiles/CLionSTM32Demo.elf.dir/STM32F10x_FWLib/src/stm32f10x_usart.c.obj
                0x08001a7e                USART_SendData
 .text.USART_GetFlagStatus
                0x08001a86        0xe CMakeFiles/CLionSTM32Demo.elf.dir/STM32F10x_FWLib/src/stm32f10x_usart.c.obj
                0x08001a86                USART_GetFlagStatus
 .text.SetSysClockTo72
                0x08001a94       0xc4 CMakeFiles/CLionSTM32Demo.elf.dir/STM32F10x_FWLib/src/system_stm32f10x.c.obj
 .text.SetSysClock
                0x08001b58        0x8 CMakeFiles/CLionSTM32Demo.elf.dir/STM32F10x_FWLib/src/system_stm32f10x.c.obj
 .text.SystemInit
                0x08001b60       0x50 CMakeFiles/CLionSTM32Demo.elf.dir/STM32F10x_FWLib/src/system_stm32f10x.c.obj
                0x08001b60                SystemInit
 .text._Z8Adc_Initv
                0x08001bb0       0x88 CMakeFiles/CLionSTM32Demo.elf.dir/hardware/src/ADCconfig.cpp.obj
                0x08001bb0                Adc_Init()
 .text._Z8ADC_readv
                0x08001c38       0x50 CMakeFiles/CLionSTM32Demo.elf.dir/hardware/src/ADCconfig.cpp.obj
                0x08001c38                ADC_read()
 .text._Z8Delay_usm
                0x08001c88       0x2a CMakeFiles/CLionSTM32Demo.elf.dir/hardware/src/Delay.cpp.obj
                0x08001c88                Delay_us(unsigned long)
 .text._Z8Delay_msm
                0x08001cb2       0x16 CMakeFiles/CLionSTM32Demo.elf.dir/hardware/src/Delay.cpp.obj
                0x08001cb2                Delay_ms(unsigned long)
 .text._Z11ESP_Connectv
                0x08001cc8       0x28 CMakeFiles/CLionSTM32Demo.elf.dir/hardware/src/ESP8266.cpp.obj
                0x08001cc8                ESP_Connect()
 .text._Z23ESP_Transport_Mode_Openv
                0x08001cf0       0x28 CMakeFiles/CLionSTM32Demo.elf.dir/hardware/src/ESP8266.cpp.obj
                0x08001cf0                ESP_Transport_Mode_Open()
 .text._Z17Encoder_Init_TIM3v
                0x08001d18       0xc0 CMakeFiles/CLionSTM32Demo.elf.dir/hardware/src/Encoder.cpp.obj
                0x08001d18                Encoder_Init_TIM3()
 .text._Z10Motor_Initv
                0x08001dd8       0x3c CMakeFiles/CLionSTM32Demo.elf.dir/hardware/src/Motor.cpp.obj
                0x08001dd8                Motor_Init()
 .text._Z14Motor_SetSpeeds
                0x08001e14       0x40 CMakeFiles/CLionSTM32Demo.elf.dir/hardware/src/Motor.cpp.obj
                0x08001e14                Motor_SetSpeed(short)
 .text._Z8PID_initP12PID_structer
                0x08001e54        0xa CMakeFiles/CLionSTM32Demo.elf.dir/hardware/src/PID.cpp.obj
                0x08001e54                PID_init(PID_structer*)
 *fill*         0x08001e5e        0x2 
 .text._Z9Cal_SpeedP12PID_structerff
                0x08001e60      0x11c CMakeFiles/CLionSTM32Demo.elf.dir/hardware/src/PID.cpp.obj
                0x08001e60                Cal_Speed(PID_structer*, float, float)
 *fill*         0x08001f7c        0x4 
 .text._Z12Position_PIDP12PID_structerss
                0x08001f80      0x108 CMakeFiles/CLionSTM32Demo.elf.dir/hardware/src/PID.cpp.obj
                0x08001f80                Position_PID(PID_structer*, short, short)
 .text._Z13balance_swingv
                0x08002088       0xa4 CMakeFiles/CLionSTM32Demo.elf.dir/hardware/src/PID.cpp.obj
                0x08002088                balance_swing()
 .text._Z8PWM_Inittt
                0x0800212c       0x90 CMakeFiles/CLionSTM32Demo.elf.dir/hardware/src/PWM.cpp.obj
                0x0800212c                PWM_Init(unsigned short, unsigned short)
 .text._Z15PWM_SetCompare3t
                0x080021bc        0xe CMakeFiles/CLionSTM32Demo.elf.dir/hardware/src/PWM.cpp.obj
                0x080021bc                PWM_SetCompare3(unsigned short)
 *fill*         0x080021ca        0x2 
 .text._Z15Timer_Init_TIM4v
                0x080021cc       0x7c CMakeFiles/CLionSTM32Demo.elf.dir/hardware/src/Timer.cpp.obj
                0x080021cc                Timer_Init_TIM4()
 .text._Z9UART_Initm
                0x08002248       0xa0 CMakeFiles/CLionSTM32Demo.elf.dir/hardware/src/UART.cpp.obj
                0x08002248                UART_Init(unsigned long)
 .text._Z13UART_SendCharc
                0x080022e8       0x1c CMakeFiles/CLionSTM32Demo.elf.dir/hardware/src/UART.cpp.obj
                0x080022e8                UART_SendChar(char)
 .text._Z15UART_SendStringPKc
                0x08002304       0x14 CMakeFiles/CLionSTM32Demo.elf.dir/hardware/src/UART.cpp.obj
                0x08002304                UART_SendString(char const*)
 .text._Z16UART_clearBufferv
                0x08002318       0x1c CMakeFiles/CLionSTM32Demo.elf.dir/hardware/src/UART.cpp.obj
                0x08002318                UART_clearBuffer()
 .text.Reset_Handler
                0x08002334       0x48 CMakeFiles/CLionSTM32Demo.elf.dir/startup/startup_stm32f10x_md.s.obj
                0x08002334                Reset_Handler
 .text.Default_Handler
                0x0800237c        0x2 CMakeFiles/CLionSTM32Demo.elf.dir/startup/startup_stm32f10x_md.s.obj
                0x0800237c                RTC_Alarm_IRQHandler
                0x0800237c                EXTI2_IRQHandler
                0x0800237c                DebugMon_Handler
                0x0800237c                TIM1_CC_IRQHandler
                0x0800237c                HardFault_Handler
                0x0800237c                SysTick_Handler
                0x0800237c                PVD_IRQHandler
                0x0800237c                PendSV_Handler
                0x0800237c                NMI_Handler
                0x0800237c                EXTI3_IRQHandler
                0x0800237c                EXTI0_IRQHandler
                0x0800237c                I2C2_EV_IRQHandler
                0x0800237c                UsageFault_Handler
                0x0800237c                ADC1_2_IRQHandler
                0x0800237c                SPI1_IRQHandler
                0x0800237c                TAMPER_IRQHandler
                0x0800237c                DMA1_Channel4_IRQHandler
                0x0800237c                USART3_IRQHandler
                0x0800237c                RTC_IRQHandler
                0x0800237c                DMA1_Channel7_IRQHandler
                0x0800237c                CAN1_RX1_IRQHandler
                0x0800237c                TIM4_IRQHandler
                0x0800237c                I2C1_EV_IRQHandler
                0x0800237c                DMA1_Channel6_IRQHandler
                0x0800237c                TIM3_IRQHandler
                0x0800237c                RCC_IRQHandler
                0x0800237c                TIM1_TRG_COM_IRQHandler
                0x0800237c                DMA1_Channel1_IRQHandler
                0x0800237c                Default_Handler
                0x0800237c                EXTI15_10_IRQHandler
                0x0800237c                EXTI9_5_IRQHandler
                0x0800237c                SPI2_IRQHandler
                0x0800237c                MemManage_Handler
                0x0800237c                SVC_Handler
                0x0800237c                DMA1_Channel5_IRQHandler
                0x0800237c                EXTI4_IRQHandler
                0x0800237c                USB_LP_CAN1_RX0_IRQHandler
                0x0800237c                USB_HP_CAN1_TX_IRQHandler
                0x0800237c                DMA1_Channel3_IRQHandler
                0x0800237c                TIM1_UP_IRQHandler
                0x0800237c                WWDG_IRQHandler
                0x0800237c                TIM2_IRQHandler
                0x0800237c                TIM1_BRK_IRQHandler
                0x0800237c                EXTI1_IRQHandler
                0x0800237c                USART2_IRQHandler
                0x0800237c                I2C2_ER_IRQHandler
                0x0800237c                DMA1_Channel2_IRQHandler
                0x0800237c                CAN1_SCE_IRQHandler
                0x0800237c                FLASH_IRQHandler
                0x0800237c                BusFault_Handler
                0x0800237c                USART1_IRQHandler
                0x0800237c                I2C1_ER_IRQHandler
                0x0800237c                USBWakeUp_IRQHandler
 *fill*         0x0800237e        0x2 
 .text.main     0x08002380      0x22c CMakeFiles/CLionSTM32Demo.elf.dir/user/src/main.cpp.obj
                0x08002380                main
 .text.selfrel_offset31
                0x080025ac       0x14 D:/133167~1.3RE/bin/../lib/gcc/arm-none-eabi/13.3.1/thumb/v7-m/nofp\libgcc.a(unwind-arm.o)
 .text.search_EIT_table
                0x080025c0       0x64 D:/133167~1.3RE/bin/../lib/gcc/arm-none-eabi/13.3.1/thumb/v7-m/nofp\libgcc.a(unwind-arm.o)
 .text.__gnu_unwind_get_pr_addr
                0x08002624       0x28 D:/133167~1.3RE/bin/../lib/gcc/arm-none-eabi/13.3.1/thumb/v7-m/nofp\libgcc.a(unwind-arm.o)
 .text.get_eit_entry
                0x0800264c       0x98 D:/133167~1.3RE/bin/../lib/gcc/arm-none-eabi/13.3.1/thumb/v7-m/nofp\libgcc.a(unwind-arm.o)
 .text.restore_non_core_regs
                0x080026e4       0x58 D:/133167~1.3RE/bin/../lib/gcc/arm-none-eabi/13.3.1/thumb/v7-m/nofp\libgcc.a(unwind-arm.o)
 .text._Unwind_decode_typeinfo_ptr.constprop.0
                0x0800273c        0xc D:/133167~1.3RE/bin/../lib/gcc/arm-none-eabi/13.3.1/thumb/v7-m/nofp\libgcc.a(unwind-arm.o)
 .text._Unwind_DebugHook
                0x08002748        0x4 D:/133167~1.3RE/bin/../lib/gcc/arm-none-eabi/13.3.1/thumb/v7-m/nofp\libgcc.a(unwind-arm.o)
 .text.unwind_phase2
                0x0800274c       0x40 D:/133167~1.3RE/bin/../lib/gcc/arm-none-eabi/13.3.1/thumb/v7-m/nofp\libgcc.a(unwind-arm.o)
 .text.unwind_phase2_forced
                0x0800278c       0xe0 D:/133167~1.3RE/bin/../lib/gcc/arm-none-eabi/13.3.1/thumb/v7-m/nofp\libgcc.a(unwind-arm.o)
 .text.__gnu_Unwind_RaiseException
                0x0800286c       0x68 D:/133167~1.3RE/bin/../lib/gcc/arm-none-eabi/13.3.1/thumb/v7-m/nofp\libgcc.a(unwind-arm.o)
                0x0800286c                __gnu_Unwind_RaiseException
 .text.__gnu_Unwind_ForcedUnwind
                0x080028d4       0x18 D:/133167~1.3RE/bin/../lib/gcc/arm-none-eabi/13.3.1/thumb/v7-m/nofp\libgcc.a(unwind-arm.o)
                0x080028d4                __gnu_Unwind_ForcedUnwind
 .text.__gnu_Unwind_Resume
                0x080028ec       0x44 D:/133167~1.3RE/bin/../lib/gcc/arm-none-eabi/13.3.1/thumb/v7-m/nofp\libgcc.a(unwind-arm.o)
                0x080028ec                __gnu_Unwind_Resume
 .text.__gnu_Unwind_Resume_or_Rethrow
                0x08002930       0x18 D:/133167~1.3RE/bin/../lib/gcc/arm-none-eabi/13.3.1/thumb/v7-m/nofp\libgcc.a(unwind-arm.o)
                0x08002930                __gnu_Unwind_Resume_or_Rethrow
 .text._Unwind_VRS_Get
                0x08002948       0x34 D:/133167~1.3RE/bin/../lib/gcc/arm-none-eabi/13.3.1/thumb/v7-m/nofp\libgcc.a(unwind-arm.o)
                0x08002948                _Unwind_VRS_Get
 .text._Unwind_GetGR
                0x0800297c       0x1c D:/133167~1.3RE/bin/../lib/gcc/arm-none-eabi/13.3.1/thumb/v7-m/nofp\libgcc.a(unwind-arm.o)
 .text._Unwind_VRS_Set
                0x08002998       0x34 D:/133167~1.3RE/bin/../lib/gcc/arm-none-eabi/13.3.1/thumb/v7-m/nofp\libgcc.a(unwind-arm.o)
                0x08002998                _Unwind_VRS_Set
 .text._Unwind_SetGR
                0x080029cc       0x18 D:/133167~1.3RE/bin/../lib/gcc/arm-none-eabi/13.3.1/thumb/v7-m/nofp\libgcc.a(unwind-arm.o)
 .text.__gnu_Unwind_Backtrace
                0x080029e4       0x80 D:/133167~1.3RE/bin/../lib/gcc/arm-none-eabi/13.3.1/thumb/v7-m/nofp\libgcc.a(unwind-arm.o)
                0x080029e4                __gnu_Unwind_Backtrace
 .text.__gnu_unwind_pr_common
                0x08002a64      0x2a8 D:/133167~1.3RE/bin/../lib/gcc/arm-none-eabi/13.3.1/thumb/v7-m/nofp\libgcc.a(unwind-arm.o)
 .text.__aeabi_unwind_cpp_pr0
                0x08002d0c        0x8 D:/133167~1.3RE/bin/../lib/gcc/arm-none-eabi/13.3.1/thumb/v7-m/nofp\libgcc.a(unwind-arm.o)
                0x08002d0c                __aeabi_unwind_cpp_pr0
 .text.__aeabi_unwind_cpp_pr1
                0x08002d14        0x8 D:/133167~1.3RE/bin/../lib/gcc/arm-none-eabi/13.3.1/thumb/v7-m/nofp\libgcc.a(unwind-arm.o)
                0x08002d14                __aeabi_unwind_cpp_pr1
 .text.__aeabi_unwind_cpp_pr2
                0x08002d1c        0x8 D:/133167~1.3RE/bin/../lib/gcc/arm-none-eabi/13.3.1/thumb/v7-m/nofp\libgcc.a(unwind-arm.o)
                0x08002d1c                __aeabi_unwind_cpp_pr2
 .text._Unwind_VRS_Pop
                0x08002d24      0x2ec D:/133167~1.3RE/bin/../lib/gcc/arm-none-eabi/13.3.1/thumb/v7-m/nofp\libgcc.a(unwind-arm.o)
                0x08002d24                _Unwind_VRS_Pop
 .text.next_unwind_byte
                0x08003010       0x38 D:/133167~1.3RE/bin/../lib/gcc/arm-none-eabi/13.3.1/thumb/v7-m/nofp\libgcc.a(pr-support.o)
 .text.__gnu_unwind_execute
                0x08003048      0x2fc D:/133167~1.3RE/bin/../lib/gcc/arm-none-eabi/13.3.1/thumb/v7-m/nofp\libgcc.a(pr-support.o)
                0x08003048                __gnu_unwind_execute
 .text.abort    0x08003344        0xe D:/133167~1.3RE/bin/../lib/gcc/arm-none-eabi/13.3.1/thumb/v7-m/nofp\libg_nano.a(libc_a-abort.o)
                0x08003344                abort
 .text.__cvt    0x08003352       0xc8 D:/133167~1.3RE/bin/../lib/gcc/arm-none-eabi/13.3.1/thumb/v7-m/nofp\libg_nano.a(libc_a-nano-vfprintf_float.o)
                0x08003352                __cvt
 .text.__exponent
                0x0800341a       0x74 D:/133167~1.3RE/bin/../lib/gcc/arm-none-eabi/13.3.1/thumb/v7-m/nofp\libg_nano.a(libc_a-nano-vfprintf_float.o)
                0x0800341a                __exponent
 *fill*         0x0800348e        0x2 
 .text._printf_float
                0x08003490      0x458 D:/133167~1.3RE/bin/../lib/gcc/arm-none-eabi/13.3.1/thumb/v7-m/nofp\libg_nano.a(libc_a-nano-vfprintf_float.o)
                0x08003490                _printf_float
 .text._printf_common
                0x080038e8       0xe4 D:/133167~1.3RE/bin/../lib/gcc/arm-none-eabi/13.3.1/thumb/v7-m/nofp\libg_nano.a(libc_a-nano-vfprintf_i.o)
                0x080038e8                _printf_common
 .text._printf_i
                0x080039cc      0x23c D:/133167~1.3RE/bin/../lib/gcc/arm-none-eabi/13.3.1/thumb/v7-m/nofp\libg_nano.a(libc_a-nano-vfprintf_i.o)
                0x080039cc                _printf_i
 .text.std      0x08003c08       0x6c D:/133167~1.3RE/bin/../lib/gcc/arm-none-eabi/13.3.1/thumb/v7-m/nofp\libg_nano.a(libc_a-findfp.o)
 .text.stdio_exit_handler
                0x08003c74       0x18 D:/133167~1.3RE/bin/../lib/gcc/arm-none-eabi/13.3.1/thumb/v7-m/nofp\libg_nano.a(libc_a-findfp.o)
 .text.cleanup_stdio
                0x08003c8c       0x40 D:/133167~1.3RE/bin/../lib/gcc/arm-none-eabi/13.3.1/thumb/v7-m/nofp\libg_nano.a(libc_a-findfp.o)
 .text.global_stdio_init.part.0
                0x08003ccc       0x3c D:/133167~1.3RE/bin/../lib/gcc/arm-none-eabi/13.3.1/thumb/v7-m/nofp\libg_nano.a(libc_a-findfp.o)
 .text.__sfp_lock_acquire
                0x08003d08        0xc D:/133167~1.3RE/bin/../lib/gcc/arm-none-eabi/13.3.1/thumb/v7-m/nofp\libg_nano.a(libc_a-findfp.o)
                0x08003d08                __sfp_lock_acquire
 .text.__sfp_lock_release
                0x08003d14        0xc D:/133167~1.3RE/bin/../lib/gcc/arm-none-eabi/13.3.1/thumb/v7-m/nofp\libg_nano.a(libc_a-findfp.o)
                0x08003d14                __sfp_lock_release
 .text.__sinit  0x08003d20       0x30 D:/133167~1.3RE/bin/../lib/gcc/arm-none-eabi/13.3.1/thumb/v7-m/nofp\libg_nano.a(libc_a-findfp.o)
                0x08003d20                __sinit
 .text._fwalk_sglue
                0x08003d50       0x3c D:/133167~1.3RE/bin/../lib/gcc/arm-none-eabi/13.3.1/thumb/v7-m/nofp\libg_nano.a(libc_a-fwalk.o)
                0x08003d50                _fwalk_sglue
 .text.__sread  0x08003d8c       0x22 D:/133167~1.3RE/bin/../lib/gcc/arm-none-eabi/13.3.1/thumb/v7-m/nofp\libg_nano.a(libc_a-stdio.o)
                0x08003d8c                __sread
 .text.__swrite
                0x08003dae       0x38 D:/133167~1.3RE/bin/../lib/gcc/arm-none-eabi/13.3.1/thumb/v7-m/nofp\libg_nano.a(libc_a-stdio.o)
                0x08003dae                __swrite
 .text.__sseek  0x08003de6       0x24 D:/133167~1.3RE/bin/../lib/gcc/arm-none-eabi/13.3.1/thumb/v7-m/nofp\libg_nano.a(libc_a-stdio.o)
                0x08003de6                __sseek
 .text.__sclose
                0x08003e0a        0x8 D:/133167~1.3RE/bin/../lib/gcc/arm-none-eabi/13.3.1/thumb/v7-m/nofp\libg_nano.a(libc_a-stdio.o)
                0x08003e0a                __sclose
 .text.memset   0x08003e12       0x10 D:/133167~1.3RE/bin/../lib/gcc/arm-none-eabi/13.3.1/thumb/v7-m/nofp\libg_nano.a(libc_a-memset.o)
                0x08003e12                memset
 .text._raise_r
                0x08003e22       0x50 D:/133167~1.3RE/bin/../lib/gcc/arm-none-eabi/13.3.1/thumb/v7-m/nofp\libg_nano.a(libc_a-signal.o)
                0x08003e22                _raise_r
 *fill*         0x08003e72        0x2 
 .text.raise    0x08003e74       0x10 D:/133167~1.3RE/bin/../lib/gcc/arm-none-eabi/13.3.1/thumb/v7-m/nofp\libg_nano.a(libc_a-signal.o)
                0x08003e74                raise
 .text._localeconv_r
                0x08003e84        0x8 D:/133167~1.3RE/bin/../lib/gcc/arm-none-eabi/13.3.1/thumb/v7-m/nofp\libg_nano.a(libc_a-localeconv.o)
                0x08003e84                _localeconv_r
 .text._close_r
                0x08003e8c       0x20 D:/133167~1.3RE/bin/../lib/gcc/arm-none-eabi/13.3.1/thumb/v7-m/nofp\libg_nano.a(libc_a-closer.o)
                0x08003e8c                _close_r
 .text._lseek_r
                0x08003eac       0x24 D:/133167~1.3RE/bin/../lib/gcc/arm-none-eabi/13.3.1/thumb/v7-m/nofp\libg_nano.a(libc_a-lseekr.o)
                0x08003eac                _lseek_r
 .text._read_r  0x08003ed0       0x24 D:/133167~1.3RE/bin/../lib/gcc/arm-none-eabi/13.3.1/thumb/v7-m/nofp\libg_nano.a(libc_a-readr.o)
                0x08003ed0                _read_r
 .text._kill_r  0x08003ef4       0x24 D:/133167~1.3RE/bin/../lib/gcc/arm-none-eabi/13.3.1/thumb/v7-m/nofp\libg_nano.a(libc_a-signalr.o)
                0x08003ef4                _kill_r
 .text._getpid_r
                0x08003f18        0x4 D:/133167~1.3RE/bin/../lib/gcc/arm-none-eabi/13.3.1/thumb/v7-m/nofp\libg_nano.a(libc_a-signalr.o)
                0x08003f18                _getpid_r
 .text._write_r
                0x08003f1c       0x24 D:/133167~1.3RE/bin/../lib/gcc/arm-none-eabi/13.3.1/thumb/v7-m/nofp\libg_nano.a(libc_a-writer.o)
                0x08003f1c                _write_r
 .text.__libc_init_array
                0x08003f40       0x48 D:/133167~1.3RE/bin/../lib/gcc/arm-none-eabi/13.3.1/thumb/v7-m/nofp\libg_nano.a(libc_a-init.o)
                0x08003f40                __libc_init_array
 .text.__retarget_lock_init_recursive
                0x08003f88        0x2 D:/133167~1.3RE/bin/../lib/gcc/arm-none-eabi/13.3.1/thumb/v7-m/nofp\libg_nano.a(libc_a-lock.o)
                0x08003f88                __retarget_lock_init_recursive
 .text.__retarget_lock_acquire_recursive
                0x08003f8a        0x2 D:/133167~1.3RE/bin/../lib/gcc/arm-none-eabi/13.3.1/thumb/v7-m/nofp\libg_nano.a(libc_a-lock.o)
                0x08003f8a                __retarget_lock_acquire_recursive
 .text.__retarget_lock_release_recursive
                0x08003f8c        0x2 D:/133167~1.3RE/bin/../lib/gcc/arm-none-eabi/13.3.1/thumb/v7-m/nofp\libg_nano.a(libc_a-lock.o)
                0x08003f8c                __retarget_lock_release_recursive
 .text.memchr   0x08003f8e       0x1c D:/133167~1.3RE/bin/../lib/gcc/arm-none-eabi/13.3.1/thumb/v7-m/nofp\libg_nano.a(libc_a-memchr-stub.o)
                0x08003f8e                memchr
 .text.memcpy   0x08003faa       0x1c D:/133167~1.3RE/bin/../lib/gcc/arm-none-eabi/13.3.1/thumb/v7-m/nofp\libg_nano.a(libc_a-memcpy-stub.o)
                0x08003faa                memcpy
 .text.quorem   0x08003fc6      0x110 D:/133167~1.3RE/bin/../lib/gcc/arm-none-eabi/13.3.1/thumb/v7-m/nofp\libg_nano.a(libc_a-dtoa.o)
 *fill*         0x080040d6        0x2 
 .text._dtoa_r  0x080040d8      0xb7c D:/133167~1.3RE/bin/../lib/gcc/arm-none-eabi/13.3.1/thumb/v7-m/nofp\libg_nano.a(libc_a-dtoa.o)
                0x080040d8                _dtoa_r
 .text._free_r  0x08004c54       0x90 D:/133167~1.3RE/bin/../lib/gcc/arm-none-eabi/13.3.1/thumb/v7-m/nofp\libg_nano.a(libc_a-freer.o)
                0x08004c54                _free_r
 .text.malloc   0x08004ce4       0x10 D:/133167~1.3RE/bin/../lib/gcc/arm-none-eabi/13.3.1/thumb/v7-m/nofp\libg_nano.a(libc_a-malloc.o)
                0x08004ce4                malloc
 .text.sbrk_aligned
                0x08004cf4       0x44 D:/133167~1.3RE/bin/../lib/gcc/arm-none-eabi/13.3.1/thumb/v7-m/nofp\libg_nano.a(libc_a-mallocr.o)
 .text._malloc_r
                0x08004d38      0x100 D:/133167~1.3RE/bin/../lib/gcc/arm-none-eabi/13.3.1/thumb/v7-m/nofp\libg_nano.a(libc_a-mallocr.o)
                0x08004d38                _malloc_r
 .text.__malloc_lock
                0x08004e38        0xc D:/133167~1.3RE/bin/../lib/gcc/arm-none-eabi/13.3.1/thumb/v7-m/nofp\libg_nano.a(libc_a-mlock.o)
                0x08004e38                __malloc_lock
 .text.__malloc_unlock
                0x08004e44        0xc D:/133167~1.3RE/bin/../lib/gcc/arm-none-eabi/13.3.1/thumb/v7-m/nofp\libg_nano.a(libc_a-mlock.o)
                0x08004e44                __malloc_unlock
 .text._Balloc  0x08004e50       0x80 D:/133167~1.3RE/bin/../lib/gcc/arm-none-eabi/13.3.1/thumb/v7-m/nofp\libg_nano.a(libc_a-mprec.o)
                0x08004e50                _Balloc
 .text._Bfree   0x08004ed0       0x44 D:/133167~1.3RE/bin/../lib/gcc/arm-none-eabi/13.3.1/thumb/v7-m/nofp\libg_nano.a(libc_a-mprec.o)
                0x08004ed0                _Bfree
 .text.__multadd
                0x08004f14       0x8c D:/133167~1.3RE/bin/../lib/gcc/arm-none-eabi/13.3.1/thumb/v7-m/nofp\libg_nano.a(libc_a-mprec.o)
                0x08004f14                __multadd
 .text.__hi0bits
                0x08004fa0       0x3e D:/133167~1.3RE/bin/../lib/gcc/arm-none-eabi/13.3.1/thumb/v7-m/nofp\libg_nano.a(libc_a-mprec.o)
                0x08004fa0                __hi0bits
 .text.__lo0bits
                0x08004fde       0x5a D:/133167~1.3RE/bin/../lib/gcc/arm-none-eabi/13.3.1/thumb/v7-m/nofp\libg_nano.a(libc_a-mprec.o)
                0x08004fde                __lo0bits
 .text.__i2b    0x08005038       0x2c D:/133167~1.3RE/bin/../lib/gcc/arm-none-eabi/13.3.1/thumb/v7-m/nofp\libg_nano.a(libc_a-mprec.o)
                0x08005038                __i2b
 .text.__multiply
                0x08005064      0x144 D:/133167~1.3RE/bin/../lib/gcc/arm-none-eabi/13.3.1/thumb/v7-m/nofp\libg_nano.a(libc_a-mprec.o)
                0x08005064                __multiply
 .text.__pow5mult
                0x080051a8       0xb4 D:/133167~1.3RE/bin/../lib/gcc/arm-none-eabi/13.3.1/thumb/v7-m/nofp\libg_nano.a(libc_a-mprec.o)
                0x080051a8                __pow5mult
 .text.__lshift
                0x0800525c       0xd8 D:/133167~1.3RE/bin/../lib/gcc/arm-none-eabi/13.3.1/thumb/v7-m/nofp\libg_nano.a(libc_a-mprec.o)
                0x0800525c                __lshift
 .text.__mcmp   0x08005334       0x36 D:/133167~1.3RE/bin/../lib/gcc/arm-none-eabi/13.3.1/thumb/v7-m/nofp\libg_nano.a(libc_a-mprec.o)
                0x08005334                __mcmp
 *fill*         0x0800536a        0x2 
 .text.__mdiff  0x0800536c      0x128 D:/133167~1.3RE/bin/../lib/gcc/arm-none-eabi/13.3.1/thumb/v7-m/nofp\libg_nano.a(libc_a-mprec.o)
                0x0800536c                __mdiff
 .text.__d2b    0x08005494       0xb0 D:/133167~1.3RE/bin/../lib/gcc/arm-none-eabi/13.3.1/thumb/v7-m/nofp\libg_nano.a(libc_a-mprec.o)
                0x08005494                __d2b
 .text.__sflush_r
                0x08005544      0x100 D:/133167~1.3RE/bin/../lib/gcc/arm-none-eabi/13.3.1/thumb/v7-m/nofp\libg_nano.a(libc_a-fflush.o)
                0x08005544                __sflush_r
 .text._fflush_r
                0x08005644       0x50 D:/133167~1.3RE/bin/../lib/gcc/arm-none-eabi/13.3.1/thumb/v7-m/nofp\libg_nano.a(libc_a-fflush.o)
                0x08005644                _fflush_r
 .text._sbrk_r  0x08005694       0x20 D:/133167~1.3RE/bin/../lib/gcc/arm-none-eabi/13.3.1/thumb/v7-m/nofp\libg_nano.a(libc_a-sbrkr.o)
                0x08005694                _sbrk_r
 .text.__assert_func
                0x080056b4       0x3c D:/133167~1.3RE/bin/../lib/gcc/arm-none-eabi/13.3.1/thumb/v7-m/nofp\libg_nano.a(libc_a-assert.o)
                0x080056b4                __assert_func
 .text._calloc_r
                0x080056f0       0x28 D:/133167~1.3RE/bin/../lib/gcc/arm-none-eabi/13.3.1/thumb/v7-m/nofp\libg_nano.a(libc_a-callocr.o)
                0x080056f0                _calloc_r
 .text.__ascii_mbtowc
                0x08005718       0x24 D:/133167~1.3RE/bin/../lib/gcc/arm-none-eabi/13.3.1/thumb/v7-m/nofp\libg_nano.a(libc_a-mbtowc_r.o)
                0x08005718                __ascii_mbtowc
 .text.__ascii_wctomb
                0x0800573c       0x1a D:/133167~1.3RE/bin/../lib/gcc/arm-none-eabi/13.3.1/thumb/v7-m/nofp\libg_nano.a(libc_a-wctomb_r.o)
                0x0800573c                __ascii_wctomb
 *fill*         0x08005756        0x2 
 .text.fprintf  0x08005758       0x24 D:/133167~1.3RE/bin/../lib/gcc/arm-none-eabi/13.3.1/thumb/v7-m/nofp\libg_nano.a(libc_a-fprintf.o)
                0x08005758                fiprintf
                0x08005758                fprintf
 .text.__sfputc_r
                0x0800577c       0x2a D:/133167~1.3RE/bin/../lib/gcc/arm-none-eabi/13.3.1/thumb/v7-m/nofp\libg_nano.a(libc_a-nano-vfprintf.o)
 .text.__sfputs_r
                0x080057a6       0x24 D:/133167~1.3RE/bin/../lib/gcc/arm-none-eabi/13.3.1/thumb/v7-m/nofp\libg_nano.a(libc_a-nano-vfprintf.o)
                0x080057a6                __sfputs_r
 *fill*         0x080057ca        0x2 
 .text._vfprintf_r
                0x080057cc      0x230 D:/133167~1.3RE/bin/../lib/gcc/arm-none-eabi/13.3.1/thumb/v7-m/nofp\libg_nano.a(libc_a-nano-vfprintf.o)
                0x080057cc                _vfprintf_r
                0x080057cc                _vfiprintf_r
 .text.__swbuf_r
                0x080059fc       0x7c D:/133167~1.3RE/bin/../lib/gcc/arm-none-eabi/13.3.1/thumb/v7-m/nofp\libg_nano.a(libc_a-wbuf.o)
                0x080059fc                __swbuf_r
 .text.__swsetup_r
                0x08005a78       0xac D:/133167~1.3RE/bin/../lib/gcc/arm-none-eabi/13.3.1/thumb/v7-m/nofp\libg_nano.a(libc_a-wsetup.o)
                0x08005a78                __swsetup_r
 .text.__swhatbuf_r
                0x08005b24       0x4a D:/133167~1.3RE/bin/../lib/gcc/arm-none-eabi/13.3.1/thumb/v7-m/nofp\libg_nano.a(libc_a-makebuf.o)
                0x08005b24                __swhatbuf_r
 .text.__smakebuf_r
                0x08005b6e       0x78 D:/133167~1.3RE/bin/../lib/gcc/arm-none-eabi/13.3.1/thumb/v7-m/nofp\libg_nano.a(libc_a-makebuf.o)
                0x08005b6e                __smakebuf_r
 *fill*         0x08005be6        0x2 
 .text._fstat_r
                0x08005be8       0x24 D:/133167~1.3RE/bin/../lib/gcc/arm-none-eabi/13.3.1/thumb/v7-m/nofp\libg_nano.a(libc_a-fstatr.o)
                0x08005be8                _fstat_r
 .text._isatty_r
                0x08005c0c       0x20 D:/133167~1.3RE/bin/../lib/gcc/arm-none-eabi/13.3.1/thumb/v7-m/nofp\libg_nano.a(libc_a-isattyr.o)
                0x08005c0c                _isatty_r
 .text._close   0x08005c2c       0x10 D:/133167~1.3RE/bin/../lib/gcc/arm-none-eabi/13.3.1/thumb/v7-m/nofp\libnosys.a(close.o)
                0x08005c2c                _close
 .text._fstat   0x08005c3c       0x10 D:/133167~1.3RE/bin/../lib/gcc/arm-none-eabi/13.3.1/thumb/v7-m/nofp\libnosys.a(fstat.o)
                0x08005c3c                _fstat
 .text._getpid  0x08005c4c       0x10 D:/133167~1.3RE/bin/../lib/gcc/arm-none-eabi/13.3.1/thumb/v7-m/nofp\libnosys.a(getpid.o)
                0x08005c4c                _getpid
 .text._isatty  0x08005c5c       0x10 D:/133167~1.3RE/bin/../lib/gcc/arm-none-eabi/13.3.1/thumb/v7-m/nofp\libnosys.a(isatty.o)
                0x08005c5c                _isatty
 .text._kill    0x08005c6c       0x10 D:/133167~1.3RE/bin/../lib/gcc/arm-none-eabi/13.3.1/thumb/v7-m/nofp\libnosys.a(kill.o)
                0x08005c6c                _kill
 .text._lseek   0x08005c7c       0x10 D:/133167~1.3RE/bin/../lib/gcc/arm-none-eabi/13.3.1/thumb/v7-m/nofp\libnosys.a(lseek.o)
                0x08005c7c                _lseek
 .text._read    0x08005c8c       0x10 D:/133167~1.3RE/bin/../lib/gcc/arm-none-eabi/13.3.1/thumb/v7-m/nofp\libnosys.a(read.o)
                0x08005c8c                _read
 .text._sbrk    0x08005c9c       0x1c D:/133167~1.3RE/bin/../lib/gcc/arm-none-eabi/13.3.1/thumb/v7-m/nofp\libnosys.a(sbrk.o)
                0x08005c9c                _sbrk
 .text._write   0x08005cb8       0x10 D:/133167~1.3RE/bin/../lib/gcc/arm-none-eabi/13.3.1/thumb/v7-m/nofp\libnosys.a(write.o)
                0x08005cb8                _write
 .text._exit    0x08005cc8        0x4 D:/133167~1.3RE/bin/../lib/gcc/arm-none-eabi/13.3.1/thumb/v7-m/nofp\libnosys.a(_exit.o)
                0x08005cc8                _exit
 *(.glue_7)
 .glue_7        0x08005ccc        0x0 linker stubs
 *(.glue_7t)
 .glue_7t       0x08005ccc        0x0 linker stubs
 *(.eh_frame)
 .eh_frame      0x08005ccc        0x0 D:/133167~1.3RE/bin/../lib/gcc/arm-none-eabi/13.3.1/thumb/v7-m/nofp/crtbegin.o
 *(.init)
 .init          0x08005ccc        0x4 D:/133167~1.3RE/bin/../lib/gcc/arm-none-eabi/13.3.1/thumb/v7-m/nofp/crti.o
                0x08005ccc                _init
 .init          0x08005cd0        0x8 D:/133167~1.3RE/bin/../lib/gcc/arm-none-eabi/13.3.1/thumb/v7-m/nofp/crtn.o
 *(.fini)
 .fini          0x08005cd8        0x4 D:/133167~1.3RE/bin/../lib/gcc/arm-none-eabi/13.3.1/thumb/v7-m/nofp/crti.o
                0x08005cd8                _fini
 .fini          0x08005cdc        0x8 D:/133167~1.3RE/bin/../lib/gcc/arm-none-eabi/13.3.1/thumb/v7-m/nofp/crtn.o
                0x08005ce4                        . = ALIGN (0x4)
                0x08005ce4                        _etext = .

.vfp11_veneer   0x08005ce4        0x0
 .vfp11_veneer  0x08005ce4        0x0 linker stubs

.v4_bx          0x08005ce4        0x0
 .v4_bx         0x08005ce4        0x0 linker stubs

.iplt           0x08005ce4        0x0
 .iplt          0x08005ce4        0x0 D:/133167~1.3RE/bin/../lib/gcc/arm-none-eabi/13.3.1/thumb/v7-m/nofp/crtbegin.o

.rodata         0x08005ce8      0x424
                0x08005ce8                        . = ALIGN (0x4)
 *(.rodata)
 *(.rodata*)
 .rodata.ADCPrescTable
                0x08005ce8        0x4 CMakeFiles/CLionSTM32Demo.elf.dir/STM32F10x_FWLib/src/stm32f10x_rcc.c.obj
 .rodata.APBAHBPrescTable
                0x08005cec       0x10 CMakeFiles/CLionSTM32Demo.elf.dir/STM32F10x_FWLib/src/stm32f10x_rcc.c.obj
 .rodata._Z8ESP_SendPKc.str1.4
                0x08005cfc       0x97 CMakeFiles/CLionSTM32Demo.elf.dir/hardware/src/ESP8266.cpp.obj
                                 0x2f (size before relaxing)
 .rodata._Z11ESP_Connectv.str1.4
                0x08005d93       0x32 CMakeFiles/CLionSTM32Demo.elf.dir/hardware/src/ESP8266.cpp.obj
 .rodata._Z13balance_swingv.str1.4
                0x08005d93       0x12 CMakeFiles/CLionSTM32Demo.elf.dir/hardware/src/PID.cpp.obj
 .rodata.main.str1.4
                0x08005d93       0x33 CMakeFiles/CLionSTM32Demo.elf.dir/user/src/main.cpp.obj
 .rodata._printf_float.str1.1
                0x08005d93      0x173 D:/133167~1.3RE/bin/../lib/gcc/arm-none-eabi/13.3.1/thumb/v7-m/nofp\libg_nano.a(libc_a-nano-vfprintf_float.o)
                                 0x12 (size before relaxing)
 .rodata._printf_i.str1.1
                0x08005f06       0x22 D:/133167~1.3RE/bin/../lib/gcc/arm-none-eabi/13.3.1/thumb/v7-m/nofp\libg_nano.a(libc_a-nano-vfprintf_i.o)
 .rodata._dtoa_r.str1.1
                0x08005f06       0x90 D:/133167~1.3RE/bin/../lib/gcc/arm-none-eabi/13.3.1/thumb/v7-m/nofp\libg_nano.a(libc_a-dtoa.o)
 .rodata._Balloc.str1.1
                0x08005f06       0x71 D:/133167~1.3RE/bin/../lib/gcc/arm-none-eabi/13.3.1/thumb/v7-m/nofp\libg_nano.a(libc_a-mprec.o)
 .rodata.__multadd.str1.1
                0x08005f06       0x11 D:/133167~1.3RE/bin/../lib/gcc/arm-none-eabi/13.3.1/thumb/v7-m/nofp\libg_nano.a(libc_a-mprec.o)
 *fill*         0x08005f06        0x2 
 .rodata.p05.0  0x08005f08        0xc D:/133167~1.3RE/bin/../lib/gcc/arm-none-eabi/13.3.1/thumb/v7-m/nofp\libg_nano.a(libc_a-mprec.o)
 *fill*         0x08005f14        0x4 
 .rodata.__mprec_bigtens
                0x08005f18       0x28 D:/133167~1.3RE/bin/../lib/gcc/arm-none-eabi/13.3.1/thumb/v7-m/nofp\libg_nano.a(libc_a-mprec.o)
                0x08005f18                __mprec_bigtens
 .rodata.__mprec_tens
                0x08005f40       0xc8 D:/133167~1.3RE/bin/../lib/gcc/arm-none-eabi/13.3.1/thumb/v7-m/nofp\libg_nano.a(libc_a-mprec.o)
                0x08005f40                __mprec_tens
 .rodata._setlocale_r.str1.1
                0x08006008        0x9 D:/133167~1.3RE/bin/../lib/gcc/arm-none-eabi/13.3.1/thumb/v7-m/nofp\libg_nano.a(libc_a-locale.o)
 .rodata.str1.1
                0x08006008        0x2 D:/133167~1.3RE/bin/../lib/gcc/arm-none-eabi/13.3.1/thumb/v7-m/nofp\libg_nano.a(libc_a-locale.o)
 .rodata.__assert_func.str1.1
                0x08006008       0x3d D:/133167~1.3RE/bin/../lib/gcc/arm-none-eabi/13.3.1/thumb/v7-m/nofp\libg_nano.a(libc_a-assert.o)
 .rodata._ctype_
                0x08006008      0x101 D:/133167~1.3RE/bin/../lib/gcc/arm-none-eabi/13.3.1/thumb/v7-m/nofp\libg_nano.a(libc_a-ctype_.o)
                0x08006008                _ctype_
 .rodata._vfprintf_r.str1.1
                0x08006109       0x11 D:/133167~1.3RE/bin/../lib/gcc/arm-none-eabi/13.3.1/thumb/v7-m/nofp\libg_nano.a(libc_a-nano-vfprintf.o)
                0x0800611c                        . = ALIGN (0x4)
 *fill*         0x08006109        0x3 

.ARM.extab      0x0800610c       0x30
 *(.ARM.extab* .gnu.linkonce.armextab.*)
 .ARM.extab.text._Z11ESP_Connectv
                0x0800610c        0xc CMakeFiles/CLionSTM32Demo.elf.dir/hardware/src/ESP8266.cpp.obj
 .ARM.extab.text._Z23ESP_Transport_Mode_Openv
                0x08006118        0xc CMakeFiles/CLionSTM32Demo.elf.dir/hardware/src/ESP8266.cpp.obj
 .ARM.extab.text._Z15PWM_SetCompare3t
                0x08006124        0xc CMakeFiles/CLionSTM32Demo.elf.dir/hardware/src/PWM.cpp.obj
 .ARM.extab.text._Z13UART_SendCharc
                0x08006130        0xc CMakeFiles/CLionSTM32Demo.elf.dir/hardware/src/UART.cpp.obj

.ARM            0x0800613c      0x120
                0x0800613c                        __exidx_start = .
 *(.ARM.exidx*)
 .ARM.exidx     0x0800613c        0x8 D:/133167~1.3RE/bin/../lib/gcc/arm-none-eabi/13.3.1/thumb/v7-m/nofp\libg_nano.a(libc_a-strlen.o)
 .ARM.exidx.text._Z8Adc_Initv
                0x08006144        0x8 CMakeFiles/CLionSTM32Demo.elf.dir/hardware/src/ADCconfig.cpp.obj
 .ARM.exidx.text._Z8ADC_readv
                0x0800614c        0x8 CMakeFiles/CLionSTM32Demo.elf.dir/hardware/src/ADCconfig.cpp.obj
 .ARM.exidx.text._Z8Delay_usm
                0x08006154        0x8 CMakeFiles/CLionSTM32Demo.elf.dir/hardware/src/Delay.cpp.obj
 .ARM.exidx.text._Z8Delay_msm
                0x0800615c        0x0 CMakeFiles/CLionSTM32Demo.elf.dir/hardware/src/Delay.cpp.obj
                                  0x8 (size before relaxing)
 .ARM.exidx.text._Z11ESP_Connectv
                0x0800615c        0x8 CMakeFiles/CLionSTM32Demo.elf.dir/hardware/src/ESP8266.cpp.obj
 .ARM.exidx.text._Z23ESP_Transport_Mode_Openv
                0x08006164        0x8 CMakeFiles/CLionSTM32Demo.elf.dir/hardware/src/ESP8266.cpp.obj
 .ARM.exidx.text._Z17Encoder_Init_TIM3v
                0x0800616c        0x8 CMakeFiles/CLionSTM32Demo.elf.dir/hardware/src/Encoder.cpp.obj
 .ARM.exidx.text._Z10Motor_Initv
                0x08006174        0x8 CMakeFiles/CLionSTM32Demo.elf.dir/hardware/src/Motor.cpp.obj
 .ARM.exidx.text._Z14Motor_SetSpeeds
                0x0800617c        0x8 CMakeFiles/CLionSTM32Demo.elf.dir/hardware/src/Motor.cpp.obj
 .ARM.exidx.text._Z8PID_initP12PID_structer
                0x08006184        0x8 CMakeFiles/CLionSTM32Demo.elf.dir/hardware/src/PID.cpp.obj
 .ARM.exidx.text._Z9Cal_SpeedP12PID_structerff
                0x0800618c        0x0 CMakeFiles/CLionSTM32Demo.elf.dir/hardware/src/PID.cpp.obj
                                  0x8 (size before relaxing)
 .ARM.exidx.text._Z12Position_PIDP12PID_structerss
                0x0800618c        0x0 CMakeFiles/CLionSTM32Demo.elf.dir/hardware/src/PID.cpp.obj
                                  0x8 (size before relaxing)
 .ARM.exidx.text._Z13balance_swingv
                0x0800618c        0x8 CMakeFiles/CLionSTM32Demo.elf.dir/hardware/src/PID.cpp.obj
 .ARM.exidx.text._Z8PWM_Inittt
                0x08006194        0x8 CMakeFiles/CLionSTM32Demo.elf.dir/hardware/src/PWM.cpp.obj
 .ARM.exidx.text._Z15PWM_SetCompare3t
                0x0800619c        0x8 CMakeFiles/CLionSTM32Demo.elf.dir/hardware/src/PWM.cpp.obj
 .ARM.exidx.text._Z15Timer_Init_TIM4v
                0x080061a4        0x8 CMakeFiles/CLionSTM32Demo.elf.dir/hardware/src/Timer.cpp.obj
 .ARM.exidx.text._Z9UART_Initm
                0x080061ac        0x8 CMakeFiles/CLionSTM32Demo.elf.dir/hardware/src/UART.cpp.obj
 .ARM.exidx.text._Z13UART_SendCharc
                0x080061b4        0x8 CMakeFiles/CLionSTM32Demo.elf.dir/hardware/src/UART.cpp.obj
 .ARM.exidx.text._Z15UART_SendStringPKc
                0x080061bc        0x8 CMakeFiles/CLionSTM32Demo.elf.dir/hardware/src/UART.cpp.obj
 .ARM.exidx.text._Z16UART_clearBufferv
                0x080061c4        0x8 CMakeFiles/CLionSTM32Demo.elf.dir/hardware/src/UART.cpp.obj
 .ARM.exidx.text.main
                0x080061cc        0x8 CMakeFiles/CLionSTM32Demo.elf.dir/user/src/main.cpp.obj
 .ARM.exidx.text.selfrel_offset31
                0x080061d4        0x8 D:/133167~1.3RE/bin/../lib/gcc/arm-none-eabi/13.3.1/thumb/v7-m/nofp\libgcc.a(unwind-arm.o)
 .ARM.exidx.text.search_EIT_table
                0x080061dc        0x0 D:/133167~1.3RE/bin/../lib/gcc/arm-none-eabi/13.3.1/thumb/v7-m/nofp\libgcc.a(unwind-arm.o)
                                  0x8 (size before relaxing)
 .ARM.exidx.text.__gnu_unwind_get_pr_addr
                0x080061dc        0x0 D:/133167~1.3RE/bin/../lib/gcc/arm-none-eabi/13.3.1/thumb/v7-m/nofp\libgcc.a(unwind-arm.o)
                                  0x8 (size before relaxing)
 .ARM.exidx.text.get_eit_entry
                0x080061dc        0x8 D:/133167~1.3RE/bin/../lib/gcc/arm-none-eabi/13.3.1/thumb/v7-m/nofp\libgcc.a(unwind-arm.o)
 .ARM.exidx.text.restore_non_core_regs
                0x080061e4        0x8 D:/133167~1.3RE/bin/../lib/gcc/arm-none-eabi/13.3.1/thumb/v7-m/nofp\libgcc.a(unwind-arm.o)
 .ARM.exidx.text._Unwind_decode_typeinfo_ptr.constprop.0
                0x080061ec        0x8 D:/133167~1.3RE/bin/../lib/gcc/arm-none-eabi/13.3.1/thumb/v7-m/nofp\libgcc.a(unwind-arm.o)
 .ARM.exidx.text._Unwind_DebugHook
                0x080061f4        0x0 D:/133167~1.3RE/bin/../lib/gcc/arm-none-eabi/13.3.1/thumb/v7-m/nofp\libgcc.a(unwind-arm.o)
                                  0x8 (size before relaxing)
 .ARM.exidx.text.unwind_phase2
                0x080061f4        0x8 D:/133167~1.3RE/bin/../lib/gcc/arm-none-eabi/13.3.1/thumb/v7-m/nofp\libgcc.a(unwind-arm.o)
 .ARM.exidx.text.unwind_phase2_forced
                0x080061fc        0x8 D:/133167~1.3RE/bin/../lib/gcc/arm-none-eabi/13.3.1/thumb/v7-m/nofp\libgcc.a(unwind-arm.o)
 .ARM.exidx.text.__gnu_Unwind_RaiseException
                0x08006204        0x8 D:/133167~1.3RE/bin/../lib/gcc/arm-none-eabi/13.3.1/thumb/v7-m/nofp\libgcc.a(unwind-arm.o)
 .ARM.exidx.text.__gnu_Unwind_ForcedUnwind
                0x0800620c        0x8 D:/133167~1.3RE/bin/../lib/gcc/arm-none-eabi/13.3.1/thumb/v7-m/nofp\libgcc.a(unwind-arm.o)
 .ARM.exidx.text.__gnu_Unwind_Resume
                0x08006214        0x8 D:/133167~1.3RE/bin/../lib/gcc/arm-none-eabi/13.3.1/thumb/v7-m/nofp\libgcc.a(unwind-arm.o)
 .ARM.exidx.text.__gnu_Unwind_Resume_or_Rethrow
                0x0800621c        0x8 D:/133167~1.3RE/bin/../lib/gcc/arm-none-eabi/13.3.1/thumb/v7-m/nofp\libgcc.a(unwind-arm.o)
 .ARM.exidx.text._Unwind_VRS_Get
                0x08006224        0x0 D:/133167~1.3RE/bin/../lib/gcc/arm-none-eabi/13.3.1/thumb/v7-m/nofp\libgcc.a(unwind-arm.o)
                                  0x8 (size before relaxing)
 .ARM.exidx.text._Unwind_GetGR
                0x08006224        0x0 D:/133167~1.3RE/bin/../lib/gcc/arm-none-eabi/13.3.1/thumb/v7-m/nofp\libgcc.a(unwind-arm.o)
                                  0x8 (size before relaxing)
 .ARM.exidx.text._Unwind_VRS_Set
                0x08006224        0x0 D:/133167~1.3RE/bin/../lib/gcc/arm-none-eabi/13.3.1/thumb/v7-m/nofp\libgcc.a(unwind-arm.o)
                                  0x8 (size before relaxing)
 .ARM.exidx.text._Unwind_SetGR
                0x08006224        0x0 D:/133167~1.3RE/bin/../lib/gcc/arm-none-eabi/13.3.1/thumb/v7-m/nofp\libgcc.a(unwind-arm.o)
                                  0x8 (size before relaxing)
 .ARM.exidx.text.__gnu_Unwind_Backtrace
                0x08006224        0x8 D:/133167~1.3RE/bin/../lib/gcc/arm-none-eabi/13.3.1/thumb/v7-m/nofp\libgcc.a(unwind-arm.o)
 .ARM.exidx.text.__gnu_unwind_pr_common
                0x0800622c        0x8 D:/133167~1.3RE/bin/../lib/gcc/arm-none-eabi/13.3.1/thumb/v7-m/nofp\libgcc.a(unwind-arm.o)
 .ARM.exidx.text.__aeabi_unwind_cpp_pr0
                0x08006234        0x8 D:/133167~1.3RE/bin/../lib/gcc/arm-none-eabi/13.3.1/thumb/v7-m/nofp\libgcc.a(unwind-arm.o)
 .ARM.exidx.text.__aeabi_unwind_cpp_pr1
                0x0800623c        0x0 D:/133167~1.3RE/bin/../lib/gcc/arm-none-eabi/13.3.1/thumb/v7-m/nofp\libgcc.a(unwind-arm.o)
                                  0x8 (size before relaxing)
 .ARM.exidx.text.__aeabi_unwind_cpp_pr2
                0x0800623c        0x0 D:/133167~1.3RE/bin/../lib/gcc/arm-none-eabi/13.3.1/thumb/v7-m/nofp\libgcc.a(unwind-arm.o)
                                  0x8 (size before relaxing)
 .ARM.exidx.text._Unwind_VRS_Pop
                0x0800623c        0x8 D:/133167~1.3RE/bin/../lib/gcc/arm-none-eabi/13.3.1/thumb/v7-m/nofp\libgcc.a(unwind-arm.o)
 .ARM.exidx.text.next_unwind_byte
                0x08006244        0x8 D:/133167~1.3RE/bin/../lib/gcc/arm-none-eabi/13.3.1/thumb/v7-m/nofp\libgcc.a(pr-support.o)
 .ARM.exidx.text.__gnu_unwind_execute
                0x0800624c       0x10 D:/133167~1.3RE/bin/../lib/gcc/arm-none-eabi/13.3.1/thumb/v7-m/nofp\libgcc.a(pr-support.o)
                                  0x8 (size before relaxing)
                0x0800625c                        __exidx_end = .

.rel.dyn        0x0800625c        0x0
 .rel.iplt      0x0800625c        0x0 D:/133167~1.3RE/bin/../lib/gcc/arm-none-eabi/13.3.1/thumb/v7-m/nofp/crtbegin.o

.preinit_array  0x0800625c        0x0
                0x0800625c                        PROVIDE (__preinit_array_start = .)
 *(.preinit_array*)
                0x0800625c                        PROVIDE (__preinit_array_end = .)

.init_array     0x0800625c        0x4
                0x0800625c                        PROVIDE (__init_array_start = .)
 *(SORT_BY_NAME(.init_array.*))
 *(.init_array*)
 .init_array    0x0800625c        0x4 D:/133167~1.3RE/bin/../lib/gcc/arm-none-eabi/13.3.1/thumb/v7-m/nofp/crtbegin.o
                0x08006260                        PROVIDE (__init_array_end = .)

.fini_array     0x08006260        0x4
                [!provide]                        PROVIDE (__fini_array_start = .)
 *(SORT_BY_NAME(.fini_array.*))
 *(.fini_array*)
 .fini_array    0x08006260        0x4 D:/133167~1.3RE/bin/../lib/gcc/arm-none-eabi/13.3.1/thumb/v7-m/nofp/crtbegin.o
                [!provide]                        PROVIDE (__fini_array_end = .)
                0x08006264                        _sidata = LOADADDR (.data)

.data           0x20000000      0x1cc load address 0x08006264
                0x20000000                        . = ALIGN (0x4)
                0x20000000                        _sdata = .
 *(.data)
 *(.data*)
 .data.auto_run_flag
                0x20000000        0x1 CMakeFiles/CLionSTM32Demo.elf.dir/user/src/main.cpp.obj
                0x20000000                auto_run_flag
 .data.daoli_flag
                0x20000001        0x1 CMakeFiles/CLionSTM32Demo.elf.dir/user/src/main.cpp.obj
                0x20000001                daoli_flag
 *fill*         0x20000002        0x2 
 .data.__sglue  0x20000004        0xc D:/133167~1.3RE/bin/../lib/gcc/arm-none-eabi/13.3.1/thumb/v7-m/nofp\libg_nano.a(libc_a-findfp.o)
                0x20000004                __sglue
 .data._impure_ptr
                0x20000010        0x4 D:/133167~1.3RE/bin/../lib/gcc/arm-none-eabi/13.3.1/thumb/v7-m/nofp\libg_nano.a(libc_a-impure.o)
                0x20000010                _impure_ptr
 .data._impure_data
                0x20000014       0x4c D:/133167~1.3RE/bin/../lib/gcc/arm-none-eabi/13.3.1/thumb/v7-m/nofp\libg_nano.a(libc_a-impure.o)
                0x20000014                _impure_data
 .data.__global_locale
                0x20000060      0x16c D:/133167~1.3RE/bin/../lib/gcc/arm-none-eabi/13.3.1/thumb/v7-m/nofp\libg_nano.a(libc_a-locale.o)
                0x20000060                __global_locale
                0x200001cc                        . = ALIGN (0x4)
                0x200001cc                        _edata = .

.tm_clone_table
                0x200001cc        0x0 load address 0x08006430
 .tm_clone_table
                0x200001cc        0x0 D:/133167~1.3RE/bin/../lib/gcc/arm-none-eabi/13.3.1/thumb/v7-m/nofp/crtbegin.o
 .tm_clone_table
                0x200001cc        0x0 D:/133167~1.3RE/bin/../lib/gcc/arm-none-eabi/13.3.1/thumb/v7-m/nofp/crtend.o

.igot.plt       0x200001cc        0x0 load address 0x08006430
 .igot.plt      0x200001cc        0x0 D:/133167~1.3RE/bin/../lib/gcc/arm-none-eabi/13.3.1/thumb/v7-m/nofp/crtbegin.o
                0x200001cc                        . = ALIGN (0x4)

.bss            0x200001cc      0x208 load address 0x08006430
                0x200001cc                        _sbss = .
                0x200001cc                        __bss_start__ = _sbss
 *(.bss)
 *(.bss*)
 .bss.completed.1
                0x200001cc        0x1 D:/133167~1.3RE/bin/../lib/gcc/arm-none-eabi/13.3.1/thumb/v7-m/nofp/crtbegin.o
 *fill*         0x200001cd        0x3 
 .bss.object.0  0x200001d0       0x18 D:/133167~1.3RE/bin/../lib/gcc/arm-none-eabi/13.3.1/thumb/v7-m/nofp/crtbegin.o
 .bss.Speedrate
                0x200001e8        0x2 CMakeFiles/CLionSTM32Demo.elf.dir/hardware/src/Timer.cpp.obj
                0x200001e8                Speedrate
 .bss.buffer_index
                0x200001ea        0x1 CMakeFiles/CLionSTM32Demo.elf.dir/hardware/src/UART.cpp.obj
                0x200001ea                buffer_index
 *fill*         0x200001eb        0x1 
 .bss.uart_buffer
                0x200001ec       0x64 CMakeFiles/CLionSTM32Demo.elf.dir/hardware/src/UART.cpp.obj
                0x200001ec                uart_buffer
 .bss.pos_PID   0x20000250        0xc CMakeFiles/CLionSTM32Demo.elf.dir/user/src/main.cpp.obj
                0x20000250                pos_PID
 .bss.angle_PID
                0x2000025c        0xc CMakeFiles/CLionSTM32Demo.elf.dir/user/src/main.cpp.obj
                0x2000025c                angle_PID
 .bss.mode_flag
                0x20000268        0x1 CMakeFiles/CLionSTM32Demo.elf.dir/user/src/main.cpp.obj
                0x20000268                mode_flag
 *fill*         0x20000269        0x3 
 .bss.pwm2      0x2000026c        0x4 CMakeFiles/CLionSTM32Demo.elf.dir/user/src/main.cpp.obj
                0x2000026c                pwm2
 .bss.pwm1      0x20000270        0x4 CMakeFiles/CLionSTM32Demo.elf.dir/user/src/main.cpp.obj
                0x20000270                pwm1
 .bss.pwm       0x20000274        0x4 CMakeFiles/CLionSTM32Demo.elf.dir/user/src/main.cpp.obj
                0x20000274                pwm
 .bss.cnt       0x20000278        0x4 CMakeFiles/CLionSTM32Demo.elf.dir/user/src/main.cpp.obj
                0x20000278                cnt
 .bss.angle     0x2000027c        0x4 CMakeFiles/CLionSTM32Demo.elf.dir/user/src/main.cpp.obj
                0x2000027c                angle
 .bss.angle0    0x20000280        0x4 CMakeFiles/CLionSTM32Demo.elf.dir/user/src/main.cpp.obj
                0x20000280                angle0
 .bss.__sf      0x20000284      0x138 D:/133167~1.3RE/bin/../lib/gcc/arm-none-eabi/13.3.1/thumb/v7-m/nofp\libg_nano.a(libc_a-findfp.o)
                0x20000284                __sf
 .bss.__stdio_exit_handler
                0x200003bc        0x4 D:/133167~1.3RE/bin/../lib/gcc/arm-none-eabi/13.3.1/thumb/v7-m/nofp\libg_nano.a(libc_a-findfp.o)
                0x200003bc                __stdio_exit_handler
 .bss.errno     0x200003c0        0x4 D:/133167~1.3RE/bin/../lib/gcc/arm-none-eabi/13.3.1/thumb/v7-m/nofp\libg_nano.a(libc_a-reent.o)
                0x200003c0                errno
 .bss.__lock___malloc_recursive_mutex
                0x200003c4        0x1 D:/133167~1.3RE/bin/../lib/gcc/arm-none-eabi/13.3.1/thumb/v7-m/nofp\libg_nano.a(libc_a-lock.o)
                0x200003c4                __lock___malloc_recursive_mutex
 .bss.__lock___sfp_recursive_mutex
                0x200003c5        0x1 D:/133167~1.3RE/bin/../lib/gcc/arm-none-eabi/13.3.1/thumb/v7-m/nofp\libg_nano.a(libc_a-lock.o)
                0x200003c5                __lock___sfp_recursive_mutex
 *fill*         0x200003c6        0x2 
 .bss.__malloc_sbrk_start
                0x200003c8        0x4 D:/133167~1.3RE/bin/../lib/gcc/arm-none-eabi/13.3.1/thumb/v7-m/nofp\libg_nano.a(libc_a-mallocr.o)
                0x200003c8                __malloc_sbrk_start
 .bss.__malloc_free_list
                0x200003cc        0x4 D:/133167~1.3RE/bin/../lib/gcc/arm-none-eabi/13.3.1/thumb/v7-m/nofp\libg_nano.a(libc_a-mallocr.o)
                0x200003cc                __malloc_free_list
 .bss.heap_end.0
                0x200003d0        0x4 D:/133167~1.3RE/bin/../lib/gcc/arm-none-eabi/13.3.1/thumb/v7-m/nofp\libnosys.a(sbrk.o)
 *(COMMON)
                0x200003d4                        . = ALIGN (0x4)
                0x200003d4                        _ebss = .
                0x200003d4                        __bss_end__ = _ebss

._user_heap_stack
                0x200003d4      0x604 load address 0x08006430
                0x200003d8                        . = ALIGN (0x8)
 *fill*         0x200003d4        0x4 
                0x200003d8                        PROVIDE (end = .)
                [!provide]                        PROVIDE (_end = .)
                0x200005d8                        . = (. + _Min_Heap_Size)
 *fill*         0x200003d8      0x200 
                0x200009d8                        . = (. + _Min_Stack_Size)
 *fill*         0x200005d8      0x400 
                0x200009d8                        . = ALIGN (0x8)

/DISCARD/
 libc.a(*)
 libm.a(*)
 libgcc.a(*)

.ARM.attributes
                0x00000000       0x29
 *(.ARM.attributes)
 .ARM.attributes
                0x00000000       0x1d D:/133167~1.3RE/bin/../lib/gcc/arm-none-eabi/13.3.1/thumb/v7-m/nofp/crti.o
 .ARM.attributes
                0x0000001d       0x2d D:/133167~1.3RE/bin/../lib/gcc/arm-none-eabi/13.3.1/thumb/v7-m/nofp/crtbegin.o
 .ARM.attributes
                0x0000004a       0x2d CMakeFiles/CLionSTM32Demo.elf.dir/STM32F10x_FWLib/src/misc.c.obj
 .ARM.attributes
                0x00000077       0x2d CMakeFiles/CLionSTM32Demo.elf.dir/STM32F10x_FWLib/src/stm32f10x_adc.c.obj
 .ARM.attributes
                0x000000a4       0x2d CMakeFiles/CLionSTM32Demo.elf.dir/STM32F10x_FWLib/src/stm32f10x_gpio.c.obj
 .ARM.attributes
                0x000000d1       0x2d CMakeFiles/CLionSTM32Demo.elf.dir/STM32F10x_FWLib/src/stm32f10x_rcc.c.obj
 .ARM.attributes
                0x000000fe       0x2d CMakeFiles/CLionSTM32Demo.elf.dir/STM32F10x_FWLib/src/stm32f10x_tim.c.obj
 .ARM.attributes
                0x0000012b       0x2d CMakeFiles/CLionSTM32Demo.elf.dir/STM32F10x_FWLib/src/stm32f10x_usart.c.obj
 .ARM.attributes
                0x00000158       0x2d CMakeFiles/CLionSTM32Demo.elf.dir/STM32F10x_FWLib/src/system_stm32f10x.c.obj
 .ARM.attributes
                0x00000185       0x2d CMakeFiles/CLionSTM32Demo.elf.dir/hardware/src/ADCconfig.cpp.obj
 .ARM.attributes
                0x000001b2       0x2d CMakeFiles/CLionSTM32Demo.elf.dir/hardware/src/Delay.cpp.obj
 .ARM.attributes
                0x000001df       0x2d CMakeFiles/CLionSTM32Demo.elf.dir/hardware/src/ESP8266.cpp.obj
 .ARM.attributes
                0x0000020c       0x2d CMakeFiles/CLionSTM32Demo.elf.dir/hardware/src/Encoder.cpp.obj
 .ARM.attributes
                0x00000239       0x2d CMakeFiles/CLionSTM32Demo.elf.dir/hardware/src/Motor.cpp.obj
 .ARM.attributes
                0x00000266       0x2d CMakeFiles/CLionSTM32Demo.elf.dir/hardware/src/PID.cpp.obj
 .ARM.attributes
                0x00000293       0x2d CMakeFiles/CLionSTM32Demo.elf.dir/hardware/src/PWM.cpp.obj
 .ARM.attributes
                0x000002c0       0x2d CMakeFiles/CLionSTM32Demo.elf.dir/hardware/src/Timer.cpp.obj
 .ARM.attributes
                0x000002ed       0x2d CMakeFiles/CLionSTM32Demo.elf.dir/hardware/src/UART.cpp.obj
 .ARM.attributes
                0x0000031a       0x21 CMakeFiles/CLionSTM32Demo.elf.dir/startup/startup_stm32f10x_md.s.obj
 .ARM.attributes
                0x0000033b       0x2d CMakeFiles/CLionSTM32Demo.elf.dir/user/src/main.cpp.obj
 .ARM.attributes
                0x00000368       0x1d D:/133167~1.3RE/bin/../lib/gcc/arm-none-eabi/13.3.1/thumb/v7-m/nofp\libgcc.a(_arm_addsubdf3.o)
 .ARM.attributes
                0x00000385       0x1d D:/133167~1.3RE/bin/../lib/gcc/arm-none-eabi/13.3.1/thumb/v7-m/nofp\libgcc.a(_arm_truncdfsf2.o)
 .ARM.attributes
                0x000003a2       0x1d D:/133167~1.3RE/bin/../lib/gcc/arm-none-eabi/13.3.1/thumb/v7-m/nofp\libgcc.a(_arm_addsubsf3.o)
 .ARM.attributes
                0x000003bf       0x1d D:/133167~1.3RE/bin/../lib/gcc/arm-none-eabi/13.3.1/thumb/v7-m/nofp\libgcc.a(_arm_cmpsf2.o)
 .ARM.attributes
                0x000003dc       0x1d D:/133167~1.3RE/bin/../lib/gcc/arm-none-eabi/13.3.1/thumb/v7-m/nofp\libgcc.a(_arm_fixsfsi.o)
 .ARM.attributes
                0x000003f9       0x2d D:/133167~1.3RE/bin/../lib/gcc/arm-none-eabi/13.3.1/thumb/v7-m/nofp\libgcc.a(unwind-arm.o)
 .ARM.attributes
                0x00000426       0x1d D:/133167~1.3RE/bin/../lib/gcc/arm-none-eabi/13.3.1/thumb/v7-m/nofp\libgcc.a(libunwind.o)
 .ARM.attributes
                0x00000443       0x2d D:/133167~1.3RE/bin/../lib/gcc/arm-none-eabi/13.3.1/thumb/v7-m/nofp\libgcc.a(pr-support.o)
 .ARM.attributes
                0x00000470       0x2d D:/133167~1.3RE/bin/../lib/gcc/arm-none-eabi/13.3.1/thumb/v7-m/nofp\libg_nano.a(libc_a-abort.o)
 .ARM.attributes
                0x0000049d       0x2d D:/133167~1.3RE/bin/../lib/gcc/arm-none-eabi/13.3.1/thumb/v7-m/nofp\libg_nano.a(libc_a-nano-vfprintf_float.o)
 .ARM.attributes
                0x000004ca       0x2d D:/133167~1.3RE/bin/../lib/gcc/arm-none-eabi/13.3.1/thumb/v7-m/nofp\libg_nano.a(libc_a-nano-vfprintf_i.o)
 .ARM.attributes
                0x000004f7       0x2d D:/133167~1.3RE/bin/../lib/gcc/arm-none-eabi/13.3.1/thumb/v7-m/nofp\libg_nano.a(libc_a-findfp.o)
 .ARM.attributes
                0x00000524       0x2d D:/133167~1.3RE/bin/../lib/gcc/arm-none-eabi/13.3.1/thumb/v7-m/nofp\libg_nano.a(libc_a-fwalk.o)
 .ARM.attributes
                0x00000551       0x2d D:/133167~1.3RE/bin/../lib/gcc/arm-none-eabi/13.3.1/thumb/v7-m/nofp\libg_nano.a(libc_a-stdio.o)
 .ARM.attributes
                0x0000057e       0x2d D:/133167~1.3RE/bin/../lib/gcc/arm-none-eabi/13.3.1/thumb/v7-m/nofp\libg_nano.a(libc_a-memset.o)
 .ARM.attributes
                0x000005ab       0x2d D:/133167~1.3RE/bin/../lib/gcc/arm-none-eabi/13.3.1/thumb/v7-m/nofp\libg_nano.a(libc_a-signal.o)
 .ARM.attributes
                0x000005d8       0x2d D:/133167~1.3RE/bin/../lib/gcc/arm-none-eabi/13.3.1/thumb/v7-m/nofp\libg_nano.a(libc_a-localeconv.o)
 .ARM.attributes
                0x00000605       0x2d D:/133167~1.3RE/bin/../lib/gcc/arm-none-eabi/13.3.1/thumb/v7-m/nofp\libg_nano.a(libc_a-closer.o)
 .ARM.attributes
                0x00000632       0x2d D:/133167~1.3RE/bin/../lib/gcc/arm-none-eabi/13.3.1/thumb/v7-m/nofp\libg_nano.a(libc_a-reent.o)
 .ARM.attributes
                0x0000065f       0x2d D:/133167~1.3RE/bin/../lib/gcc/arm-none-eabi/13.3.1/thumb/v7-m/nofp\libg_nano.a(libc_a-impure.o)
 .ARM.attributes
                0x0000068c       0x2d D:/133167~1.3RE/bin/../lib/gcc/arm-none-eabi/13.3.1/thumb/v7-m/nofp\libg_nano.a(libc_a-lseekr.o)
 .ARM.attributes
                0x000006b9       0x2d D:/133167~1.3RE/bin/../lib/gcc/arm-none-eabi/13.3.1/thumb/v7-m/nofp\libg_nano.a(libc_a-readr.o)
 .ARM.attributes
                0x000006e6       0x2d D:/133167~1.3RE/bin/../lib/gcc/arm-none-eabi/13.3.1/thumb/v7-m/nofp\libg_nano.a(libc_a-signalr.o)
 .ARM.attributes
                0x00000713       0x2d D:/133167~1.3RE/bin/../lib/gcc/arm-none-eabi/13.3.1/thumb/v7-m/nofp\libg_nano.a(libc_a-writer.o)
 .ARM.attributes
                0x00000740       0x2d D:/133167~1.3RE/bin/../lib/gcc/arm-none-eabi/13.3.1/thumb/v7-m/nofp\libg_nano.a(libc_a-init.o)
 .ARM.attributes
                0x0000076d       0x2d D:/133167~1.3RE/bin/../lib/gcc/arm-none-eabi/13.3.1/thumb/v7-m/nofp\libg_nano.a(libc_a-lock.o)
 .ARM.attributes
                0x0000079a       0x2d D:/133167~1.3RE/bin/../lib/gcc/arm-none-eabi/13.3.1/thumb/v7-m/nofp\libg_nano.a(libc_a-memchr-stub.o)
 .ARM.attributes
                0x000007c7       0x2d D:/133167~1.3RE/bin/../lib/gcc/arm-none-eabi/13.3.1/thumb/v7-m/nofp\libg_nano.a(libc_a-memcpy-stub.o)
 .ARM.attributes
                0x000007f4       0x17 D:/133167~1.3RE/bin/../lib/gcc/arm-none-eabi/13.3.1/thumb/v7-m/nofp\libg_nano.a(libc_a-strlen.o)
 .ARM.attributes
                0x0000080b       0x2d D:/133167~1.3RE/bin/../lib/gcc/arm-none-eabi/13.3.1/thumb/v7-m/nofp\libg_nano.a(libc_a-dtoa.o)
 .ARM.attributes
                0x00000838       0x2d D:/133167~1.3RE/bin/../lib/gcc/arm-none-eabi/13.3.1/thumb/v7-m/nofp\libg_nano.a(libc_a-freer.o)
 .ARM.attributes
                0x00000865       0x2d D:/133167~1.3RE/bin/../lib/gcc/arm-none-eabi/13.3.1/thumb/v7-m/nofp\libg_nano.a(libc_a-malloc.o)
 .ARM.attributes
                0x00000892       0x2d D:/133167~1.3RE/bin/../lib/gcc/arm-none-eabi/13.3.1/thumb/v7-m/nofp\libg_nano.a(libc_a-mallocr.o)
 .ARM.attributes
                0x000008bf       0x2d D:/133167~1.3RE/bin/../lib/gcc/arm-none-eabi/13.3.1/thumb/v7-m/nofp\libg_nano.a(libc_a-mlock.o)
 .ARM.attributes
                0x000008ec       0x2d D:/133167~1.3RE/bin/../lib/gcc/arm-none-eabi/13.3.1/thumb/v7-m/nofp\libg_nano.a(libc_a-mprec.o)
 .ARM.attributes
                0x00000919       0x2d D:/133167~1.3RE/bin/../lib/gcc/arm-none-eabi/13.3.1/thumb/v7-m/nofp\libg_nano.a(libc_a-fflush.o)
 .ARM.attributes
                0x00000946       0x2d D:/133167~1.3RE/bin/../lib/gcc/arm-none-eabi/13.3.1/thumb/v7-m/nofp\libg_nano.a(libc_a-locale.o)
 .ARM.attributes
                0x00000973       0x2d D:/133167~1.3RE/bin/../lib/gcc/arm-none-eabi/13.3.1/thumb/v7-m/nofp\libg_nano.a(libc_a-sbrkr.o)
 .ARM.attributes
                0x000009a0       0x2d D:/133167~1.3RE/bin/../lib/gcc/arm-none-eabi/13.3.1/thumb/v7-m/nofp\libg_nano.a(libc_a-assert.o)
 .ARM.attributes
                0x000009cd       0x2d D:/133167~1.3RE/bin/../lib/gcc/arm-none-eabi/13.3.1/thumb/v7-m/nofp\libg_nano.a(libc_a-callocr.o)
 .ARM.attributes
                0x000009fa       0x2d D:/133167~1.3RE/bin/../lib/gcc/arm-none-eabi/13.3.1/thumb/v7-m/nofp\libg_nano.a(libc_a-mbtowc_r.o)
 .ARM.attributes
                0x00000a27       0x2d D:/133167~1.3RE/bin/../lib/gcc/arm-none-eabi/13.3.1/thumb/v7-m/nofp\libg_nano.a(libc_a-wctomb_r.o)
 .ARM.attributes
                0x00000a54       0x2d D:/133167~1.3RE/bin/../lib/gcc/arm-none-eabi/13.3.1/thumb/v7-m/nofp\libg_nano.a(libc_a-ctype_.o)
 .ARM.attributes
                0x00000a81       0x2d D:/133167~1.3RE/bin/../lib/gcc/arm-none-eabi/13.3.1/thumb/v7-m/nofp\libg_nano.a(libc_a-fprintf.o)
 .ARM.attributes
                0x00000aae       0x2d D:/133167~1.3RE/bin/../lib/gcc/arm-none-eabi/13.3.1/thumb/v7-m/nofp\libg_nano.a(libc_a-nano-vfprintf.o)
 .ARM.attributes
                0x00000adb       0x2d D:/133167~1.3RE/bin/../lib/gcc/arm-none-eabi/13.3.1/thumb/v7-m/nofp\libg_nano.a(libc_a-wbuf.o)
 .ARM.attributes
                0x00000b08       0x2d D:/133167~1.3RE/bin/../lib/gcc/arm-none-eabi/13.3.1/thumb/v7-m/nofp\libg_nano.a(libc_a-wsetup.o)
 .ARM.attributes
                0x00000b35       0x2d D:/133167~1.3RE/bin/../lib/gcc/arm-none-eabi/13.3.1/thumb/v7-m/nofp\libg_nano.a(libc_a-makebuf.o)
 .ARM.attributes
                0x00000b62       0x2d D:/133167~1.3RE/bin/../lib/gcc/arm-none-eabi/13.3.1/thumb/v7-m/nofp\libg_nano.a(libc_a-fstatr.o)
 .ARM.attributes
                0x00000b8f       0x2d D:/133167~1.3RE/bin/../lib/gcc/arm-none-eabi/13.3.1/thumb/v7-m/nofp\libg_nano.a(libc_a-isattyr.o)
 .ARM.attributes
                0x00000bbc       0x1d D:/133167~1.3RE/bin/../lib/gcc/arm-none-eabi/13.3.1/thumb/v7-m/nofp\libgcc.a(_arm_muldivdf3.o)
 .ARM.attributes
                0x00000bd9       0x1d D:/133167~1.3RE/bin/../lib/gcc/arm-none-eabi/13.3.1/thumb/v7-m/nofp\libgcc.a(_arm_cmpdf2.o)
 .ARM.attributes
                0x00000bf6       0x1d D:/133167~1.3RE/bin/../lib/gcc/arm-none-eabi/13.3.1/thumb/v7-m/nofp\libgcc.a(_arm_unorddf2.o)
 .ARM.attributes
                0x00000c13       0x1d D:/133167~1.3RE/bin/../lib/gcc/arm-none-eabi/13.3.1/thumb/v7-m/nofp\libgcc.a(_arm_fixdfsi.o)
 .ARM.attributes
                0x00000c30       0x2d D:/133167~1.3RE/bin/../lib/gcc/arm-none-eabi/13.3.1/thumb/v7-m/nofp\libnosys.a(close.o)
 .ARM.attributes
                0x00000c5d       0x2d D:/133167~1.3RE/bin/../lib/gcc/arm-none-eabi/13.3.1/thumb/v7-m/nofp\libnosys.a(fstat.o)
 .ARM.attributes
                0x00000c8a       0x2d D:/133167~1.3RE/bin/../lib/gcc/arm-none-eabi/13.3.1/thumb/v7-m/nofp\libnosys.a(getpid.o)
 .ARM.attributes
                0x00000cb7       0x2d D:/133167~1.3RE/bin/../lib/gcc/arm-none-eabi/13.3.1/thumb/v7-m/nofp\libnosys.a(isatty.o)
 .ARM.attributes
                0x00000ce4       0x2d D:/133167~1.3RE/bin/../lib/gcc/arm-none-eabi/13.3.1/thumb/v7-m/nofp\libnosys.a(kill.o)
 .ARM.attributes
                0x00000d11       0x2d D:/133167~1.3RE/bin/../lib/gcc/arm-none-eabi/13.3.1/thumb/v7-m/nofp\libnosys.a(lseek.o)
 .ARM.attributes
                0x00000d3e       0x2d D:/133167~1.3RE/bin/../lib/gcc/arm-none-eabi/13.3.1/thumb/v7-m/nofp\libnosys.a(read.o)
 .ARM.attributes
                0x00000d6b       0x2d D:/133167~1.3RE/bin/../lib/gcc/arm-none-eabi/13.3.1/thumb/v7-m/nofp\libnosys.a(sbrk.o)
 .ARM.attributes
                0x00000d98       0x2d D:/133167~1.3RE/bin/../lib/gcc/arm-none-eabi/13.3.1/thumb/v7-m/nofp\libnosys.a(write.o)
 .ARM.attributes
                0x00000dc5       0x2d D:/133167~1.3RE/bin/../lib/gcc/arm-none-eabi/13.3.1/thumb/v7-m/nofp\libnosys.a(_exit.o)
 .ARM.attributes
                0x00000df2       0x2d D:/133167~1.3RE/bin/../lib/gcc/arm-none-eabi/13.3.1/thumb/v7-m/nofp/crtend.o
 .ARM.attributes
                0x00000e1f       0x1d D:/133167~1.3RE/bin/../lib/gcc/arm-none-eabi/13.3.1/thumb/v7-m/nofp/crtn.o
OUTPUT(CLionSTM32Demo.elf elf32-littlearm)
LOAD linker stubs
LOAD D:/133167~1.3RE/bin/../lib/gcc/arm-none-eabi/13.3.1/thumb/v7-m/nofp\libc.a
LOAD D:/133167~1.3RE/bin/../lib/gcc/arm-none-eabi/13.3.1/thumb/v7-m/nofp\libm.a
LOAD D:/133167~1.3RE/bin/../lib/gcc/arm-none-eabi/13.3.1/thumb/v7-m/nofp\libgcc.a

.debug_info     0x00000000     0xafad
 .debug_info    0x00000000      0x4f4 CMakeFiles/CLionSTM32Demo.elf.dir/STM32F10x_FWLib/src/misc.c.obj
 .debug_info    0x000004f4      0xc96 CMakeFiles/CLionSTM32Demo.elf.dir/STM32F10x_FWLib/src/stm32f10x_adc.c.obj
 .debug_info    0x0000118a      0x8be CMakeFiles/CLionSTM32Demo.elf.dir/STM32F10x_FWLib/src/stm32f10x_gpio.c.obj
 .debug_info    0x00001a48      0x8bc CMakeFiles/CLionSTM32Demo.elf.dir/STM32F10x_FWLib/src/stm32f10x_rcc.c.obj
 .debug_info    0x00002304     0x2376 CMakeFiles/CLionSTM32Demo.elf.dir/STM32F10x_FWLib/src/stm32f10x_tim.c.obj
 .debug_info    0x0000467a      0xb82 CMakeFiles/CLionSTM32Demo.elf.dir/STM32F10x_FWLib/src/stm32f10x_usart.c.obj
 .debug_info    0x000051fc      0x439 CMakeFiles/CLionSTM32Demo.elf.dir/STM32F10x_FWLib/src/system_stm32f10x.c.obj
 .debug_info    0x00005635      0x6a7 CMakeFiles/CLionSTM32Demo.elf.dir/hardware/src/ADCconfig.cpp.obj
 .debug_info    0x00005cdc      0x17b CMakeFiles/CLionSTM32Demo.elf.dir/hardware/src/Delay.cpp.obj
 .debug_info    0x00005e57      0x273 CMakeFiles/CLionSTM32Demo.elf.dir/hardware/src/ESP8266.cpp.obj
 .debug_info    0x000060ca      0x817 CMakeFiles/CLionSTM32Demo.elf.dir/hardware/src/Encoder.cpp.obj
 .debug_info    0x000068e1      0x3ca CMakeFiles/CLionSTM32Demo.elf.dir/hardware/src/Motor.cpp.obj
 .debug_info    0x00006cab      0x69e CMakeFiles/CLionSTM32Demo.elf.dir/hardware/src/PID.cpp.obj
 .debug_info    0x00007349      0x757 CMakeFiles/CLionSTM32Demo.elf.dir/hardware/src/PWM.cpp.obj
 .debug_info    0x00007aa0      0x776 CMakeFiles/CLionSTM32Demo.elf.dir/hardware/src/Timer.cpp.obj
 .debug_info    0x00008216      0xbc4 CMakeFiles/CLionSTM32Demo.elf.dir/hardware/src/UART.cpp.obj
 .debug_info    0x00008dda       0x30 CMakeFiles/CLionSTM32Demo.elf.dir/startup/startup_stm32f10x_md.s.obj
 .debug_info    0x00008e0a     0x21a3 CMakeFiles/CLionSTM32Demo.elf.dir/user/src/main.cpp.obj

.debug_abbrev   0x00000000     0x1f96
 .debug_abbrev  0x00000000      0x1a4 CMakeFiles/CLionSTM32Demo.elf.dir/STM32F10x_FWLib/src/misc.c.obj
 .debug_abbrev  0x000001a4      0x226 CMakeFiles/CLionSTM32Demo.elf.dir/STM32F10x_FWLib/src/stm32f10x_adc.c.obj
 .debug_abbrev  0x000003ca      0x250 CMakeFiles/CLionSTM32Demo.elf.dir/STM32F10x_FWLib/src/stm32f10x_gpio.c.obj
 .debug_abbrev  0x0000061a      0x20d CMakeFiles/CLionSTM32Demo.elf.dir/STM32F10x_FWLib/src/stm32f10x_rcc.c.obj
 .debug_abbrev  0x00000827      0x233 CMakeFiles/CLionSTM32Demo.elf.dir/STM32F10x_FWLib/src/stm32f10x_tim.c.obj
 .debug_abbrev  0x00000a5a      0x209 CMakeFiles/CLionSTM32Demo.elf.dir/STM32F10x_FWLib/src/stm32f10x_usart.c.obj
 .debug_abbrev  0x00000c63      0x1c7 CMakeFiles/CLionSTM32Demo.elf.dir/STM32F10x_FWLib/src/system_stm32f10x.c.obj
 .debug_abbrev  0x00000e2a      0x1b8 CMakeFiles/CLionSTM32Demo.elf.dir/hardware/src/ADCconfig.cpp.obj
 .debug_abbrev  0x00000fe2       0xe1 CMakeFiles/CLionSTM32Demo.elf.dir/hardware/src/Delay.cpp.obj
 .debug_abbrev  0x000010c3       0xcd CMakeFiles/CLionSTM32Demo.elf.dir/hardware/src/ESP8266.cpp.obj
 .debug_abbrev  0x00001190      0x195 CMakeFiles/CLionSTM32Demo.elf.dir/hardware/src/Encoder.cpp.obj
 .debug_abbrev  0x00001325      0x193 CMakeFiles/CLionSTM32Demo.elf.dir/hardware/src/Motor.cpp.obj
 .debug_abbrev  0x000014b8      0x195 CMakeFiles/CLionSTM32Demo.elf.dir/hardware/src/PID.cpp.obj
 .debug_abbrev  0x0000164d      0x194 CMakeFiles/CLionSTM32Demo.elf.dir/hardware/src/PWM.cpp.obj
 .debug_abbrev  0x000017e1      0x187 CMakeFiles/CLionSTM32Demo.elf.dir/hardware/src/Timer.cpp.obj
 .debug_abbrev  0x00001968      0x2d3 CMakeFiles/CLionSTM32Demo.elf.dir/hardware/src/UART.cpp.obj
 .debug_abbrev  0x00001c3b       0x24 CMakeFiles/CLionSTM32Demo.elf.dir/startup/startup_stm32f10x_md.s.obj
 .debug_abbrev  0x00001c5f      0x337 CMakeFiles/CLionSTM32Demo.elf.dir/user/src/main.cpp.obj

.debug_loclists
                0x00000000     0x2f07
 .debug_loclists
                0x00000000      0x123 CMakeFiles/CLionSTM32Demo.elf.dir/STM32F10x_FWLib/src/misc.c.obj
 .debug_loclists
                0x00000123      0x779 CMakeFiles/CLionSTM32Demo.elf.dir/STM32F10x_FWLib/src/stm32f10x_adc.c.obj
 .debug_loclists
                0x0000089c      0x4d0 CMakeFiles/CLionSTM32Demo.elf.dir/STM32F10x_FWLib/src/stm32f10x_gpio.c.obj
 .debug_loclists
                0x00000d6c      0x33f CMakeFiles/CLionSTM32Demo.elf.dir/STM32F10x_FWLib/src/stm32f10x_rcc.c.obj
 .debug_loclists
                0x000010ab     0x1249 CMakeFiles/CLionSTM32Demo.elf.dir/STM32F10x_FWLib/src/stm32f10x_tim.c.obj
 .debug_loclists
                0x000022f4      0x62d CMakeFiles/CLionSTM32Demo.elf.dir/STM32F10x_FWLib/src/stm32f10x_usart.c.obj
 .debug_loclists
                0x00002921       0xb7 CMakeFiles/CLionSTM32Demo.elf.dir/STM32F10x_FWLib/src/system_stm32f10x.c.obj
 .debug_loclists
                0x000029d8       0x36 CMakeFiles/CLionSTM32Demo.elf.dir/hardware/src/ADCconfig.cpp.obj
 .debug_loclists
                0x00002a0e       0x6d CMakeFiles/CLionSTM32Demo.elf.dir/hardware/src/Delay.cpp.obj
 .debug_loclists
                0x00002a7b       0x30 CMakeFiles/CLionSTM32Demo.elf.dir/hardware/src/ESP8266.cpp.obj
 .debug_loclists
                0x00002aab       0x27 CMakeFiles/CLionSTM32Demo.elf.dir/hardware/src/Encoder.cpp.obj
 .debug_loclists
                0x00002ad2       0x2e CMakeFiles/CLionSTM32Demo.elf.dir/hardware/src/Motor.cpp.obj
 .debug_loclists
                0x00002b00      0x242 CMakeFiles/CLionSTM32Demo.elf.dir/hardware/src/PID.cpp.obj
 .debug_loclists
                0x00002d42       0x7c CMakeFiles/CLionSTM32Demo.elf.dir/hardware/src/PWM.cpp.obj
 .debug_loclists
                0x00002dbe      0x149 CMakeFiles/CLionSTM32Demo.elf.dir/hardware/src/UART.cpp.obj

.debug_aranges  0x00000000      0x988
 .debug_aranges
                0x00000000       0x40 CMakeFiles/CLionSTM32Demo.elf.dir/STM32F10x_FWLib/src/misc.c.obj
 .debug_aranges
                0x00000040      0x138 CMakeFiles/CLionSTM32Demo.elf.dir/STM32F10x_FWLib/src/stm32f10x_adc.c.obj
 .debug_aranges
                0x00000178       0xa8 CMakeFiles/CLionSTM32Demo.elf.dir/STM32F10x_FWLib/src/stm32f10x_gpio.c.obj
 .debug_aranges
                0x00000220      0x118 CMakeFiles/CLionSTM32Demo.elf.dir/STM32F10x_FWLib/src/stm32f10x_rcc.c.obj
 .debug_aranges
                0x00000338      0x2f0 CMakeFiles/CLionSTM32Demo.elf.dir/STM32F10x_FWLib/src/stm32f10x_tim.c.obj
 .debug_aranges
                0x00000628      0x100 CMakeFiles/CLionSTM32Demo.elf.dir/STM32F10x_FWLib/src/stm32f10x_usart.c.obj
 .debug_aranges
                0x00000728       0x38 CMakeFiles/CLionSTM32Demo.elf.dir/STM32F10x_FWLib/src/system_stm32f10x.c.obj
 .debug_aranges
                0x00000760       0x28 CMakeFiles/CLionSTM32Demo.elf.dir/hardware/src/ADCconfig.cpp.obj
 .debug_aranges
                0x00000788       0x30 CMakeFiles/CLionSTM32Demo.elf.dir/hardware/src/Delay.cpp.obj
 .debug_aranges
                0x000007b8       0x40 CMakeFiles/CLionSTM32Demo.elf.dir/hardware/src/ESP8266.cpp.obj
 .debug_aranges
                0x000007f8       0x28 CMakeFiles/CLionSTM32Demo.elf.dir/hardware/src/Encoder.cpp.obj
 .debug_aranges
                0x00000820       0x28 CMakeFiles/CLionSTM32Demo.elf.dir/hardware/src/Motor.cpp.obj
 .debug_aranges
                0x00000848       0x48 CMakeFiles/CLionSTM32Demo.elf.dir/hardware/src/PID.cpp.obj
 .debug_aranges
                0x00000890       0x28 CMakeFiles/CLionSTM32Demo.elf.dir/hardware/src/PWM.cpp.obj
 .debug_aranges
                0x000008b8       0x20 CMakeFiles/CLionSTM32Demo.elf.dir/hardware/src/Timer.cpp.obj
 .debug_aranges
                0x000008d8       0x60 CMakeFiles/CLionSTM32Demo.elf.dir/hardware/src/UART.cpp.obj
 .debug_aranges
                0x00000938       0x28 CMakeFiles/CLionSTM32Demo.elf.dir/startup/startup_stm32f10x_md.s.obj
 .debug_aranges
                0x00000960       0x28 CMakeFiles/CLionSTM32Demo.elf.dir/user/src/main.cpp.obj

.debug_rnglists
                0x00000000      0x6f8
 .debug_rnglists
                0x00000000       0x2b CMakeFiles/CLionSTM32Demo.elf.dir/STM32F10x_FWLib/src/misc.c.obj
 .debug_rnglists
                0x0000002b       0xe6 CMakeFiles/CLionSTM32Demo.elf.dir/STM32F10x_FWLib/src/stm32f10x_adc.c.obj
 .debug_rnglists
                0x00000111       0x7b CMakeFiles/CLionSTM32Demo.elf.dir/STM32F10x_FWLib/src/stm32f10x_gpio.c.obj
 .debug_rnglists
                0x0000018c       0xce CMakeFiles/CLionSTM32Demo.elf.dir/STM32F10x_FWLib/src/stm32f10x_rcc.c.obj
 .debug_rnglists
                0x0000025a      0x238 CMakeFiles/CLionSTM32Demo.elf.dir/STM32F10x_FWLib/src/stm32f10x_tim.c.obj
 .debug_rnglists
                0x00000492       0xbd CMakeFiles/CLionSTM32Demo.elf.dir/STM32F10x_FWLib/src/stm32f10x_usart.c.obj
 .debug_rnglists
                0x0000054f       0x27 CMakeFiles/CLionSTM32Demo.elf.dir/STM32F10x_FWLib/src/system_stm32f10x.c.obj
 .debug_rnglists
                0x00000576       0x1a CMakeFiles/CLionSTM32Demo.elf.dir/hardware/src/ADCconfig.cpp.obj
 .debug_rnglists
                0x00000590       0x1f CMakeFiles/CLionSTM32Demo.elf.dir/hardware/src/Delay.cpp.obj
 .debug_rnglists
                0x000005af       0x2b CMakeFiles/CLionSTM32Demo.elf.dir/hardware/src/ESP8266.cpp.obj
 .debug_rnglists
                0x000005da       0x1a CMakeFiles/CLionSTM32Demo.elf.dir/hardware/src/Encoder.cpp.obj
 .debug_rnglists
                0x000005f4       0x19 CMakeFiles/CLionSTM32Demo.elf.dir/hardware/src/Motor.cpp.obj
 .debug_rnglists
                0x0000060d       0x34 CMakeFiles/CLionSTM32Demo.elf.dir/hardware/src/PID.cpp.obj
 .debug_rnglists
                0x00000641       0x1a CMakeFiles/CLionSTM32Demo.elf.dir/hardware/src/PWM.cpp.obj
 .debug_rnglists
                0x0000065b       0x13 CMakeFiles/CLionSTM32Demo.elf.dir/hardware/src/Timer.cpp.obj
 .debug_rnglists
                0x0000066e       0x44 CMakeFiles/CLionSTM32Demo.elf.dir/hardware/src/UART.cpp.obj
 .debug_rnglists
                0x000006b2       0x19 CMakeFiles/CLionSTM32Demo.elf.dir/startup/startup_stm32f10x_md.s.obj
 .debug_rnglists
                0x000006cb       0x2d CMakeFiles/CLionSTM32Demo.elf.dir/user/src/main.cpp.obj

.debug_line     0x00000000     0x6395
 .debug_line    0x00000000      0x270 CMakeFiles/CLionSTM32Demo.elf.dir/STM32F10x_FWLib/src/misc.c.obj