<html>
<body>
<pre>
<h1>µVision Build Log</h1>
<h2>Tool Versions:</h2>
IDE-Version: ¦ÌVision V5.24.2.0
Copyright (C) 2017 ARM Ltd and ARM Germany GmbH. All rights reserved.
License Information: 1 Buer_vakabauta, 1, LIC=LSNXV-PTVQS-561Q2-9GPSU-CJLCL-LB6CU
 
Tool Versions:
Toolchain:       MDK-ARM Plus  Version: 5.24.1
Toolchain Path:  D:\Keil5\Keil5file\Keil5Core\ARM\ARMCC\Bin
C Compiler:      Armcc.exe V5.06 update 5 (build 528)
Assembler:       Armasm.exe V5.06 update 5 (build 528)
Linker/Locator:  ArmLink.exe V5.06 update 5 (build 528)
Library Manager: ArmAr.exe V5.06 update 5 (build 528)
Hex Converter:   FromElf.exe V5.06 update 5 (build 528)
CPU DLL:         SARMCM3.DLL V5.24.1
Dialog DLL:      DCM.DLL V1.16.0.0
Target DLL:      STLink\ST-LINKIII-KEIL_SWO.dll V3.0.1.0
Dialog DLL:      TCM.DLL V1.32.0.0
 
<h2>Project:</h2>
C:\Users\Buer_vakabauta\Desktop\SoundLocating&Tracking\stm32_servo_control\projet.uvprojx
Project File Date:  07/19/2025

<h2>Output:</h2>
*** Using Compiler 'V5.06 update 5 (build 528)', folder: 'D:\Keil5\Keil5file\Keil5Core\ARM\ARMCC\Bin'
Rebuild target 'Target 1'
compiling core_cm3.c...
assembling startup_stm32f10x_md.s...
compiling misc.c...
compiling stm32f10x_bkp.c...
compiling stm32f10x_crc.c...
compiling stm32f10x_dac.c...
compiling system_stm32f10x.c...
compiling stm32f10x_cec.c...
compiling stm32f10x_adc.c...
compiling stm32f10x_dbgmcu.c...
compiling stm32f10x_can.c...
compiling stm32f10x_dma.c...
compiling stm32f10x_exti.c...
compiling stm32f10x_flash.c...
compiling stm32f10x_fsmc.c...
compiling stm32f10x_pwr.c...
compiling stm32f10x_gpio.c...
compiling stm32f10x_i2c.c...
compiling stm32f10x_iwdg.c...
compiling stm32f10x_rtc.c...
compiling stm32f10x_spi.c...
compiling stm32f10x_sdio.c...
compiling stm32f10x_rcc.c...
compiling stm32f10x_tim.c...
compiling stm32f10x_usart.c...
compiling stm32f10x_wwdg.c...
compiling Delay.c...
compiling PWM.c...
Hardware\PWM.c(56): warning:  #1-D: last line of file ends without a newline
  }
Hardware\PWM.c: 1 warning, 0 errors
compiling PID.c...
Hardware\PID.h(18): warning:  #1295-D: Deprecated declaration auto_run - give arg types
  void auto_run();
Hardware\PID.h(19): warning:  #1295-D: Deprecated declaration balance_swing - give arg types
  void balance_swing();
Hardware\PID.c: 2 warnings, 0 errors
compiling Timer.c...
Hardware\Timer.c(97): warning:  #1-D: last line of file ends without a newline
  */
Hardware\Timer.c: 1 warning, 0 errors
compiling OLED.c...
compiling UART.c...
Hardware\UART.c(11): warning:  #68-D: integer conversion resulted in a change of sign
  uint8_t buffer_index = -1;
Hardware\UART.c: 1 warning, 0 errors
compiling ESP8266.c...
Hardware\ESP8266.c(65): warning:  #1-D: last line of file ends without a newline
  #endif
Hardware\ESP8266.c: 1 warning, 0 errors
compiling Key.c...
Hardware\Key.c(41): warning:  #1-D: last line of file ends without a newline
  }
Hardware\Key.c: 1 warning, 0 errors
compiling json.c...
Hardware\Laser.h(4): warning:  #1295-D: Deprecated declaration Laser_Init - give arg types
  void Laser_Init();
Hardware\Laser.h(6): warning:  #1-D: last line of file ends without a newline
  #endif
Hardware\json.c: 2 warnings, 0 errors
compiling Laser.c...
compiling main.c...
.\Hardware\Timer.h(7): warning:  #1295-D: Deprecated declaration Timer_Init_TIM1 - give arg types
  void Timer_Init_TIM1();
.\Hardware\Timer.h(8): warning:  #1295-D: Deprecated declaration Timer_Init_TIM4 - give arg types
  void Timer_Init_TIM4();
.\Hardware\Laser.h(4): warning:  #1295-D: Deprecated declaration Laser_Init - give arg types
  void Laser_Init();
.\Hardware\Laser.h(6): warning:  #1-D: last line of file ends without a newline
  #endif
User\main.c(15): warning:  #1295-D: Deprecated declaration init - give arg types
  void init();
User\main.c(49): warning:  #1-D: last line of file ends without a newline
  }
User\main.c: 6 warnings, 0 errors
compiling stm32f10x_it.c...
linking...
Program Size: Code=12772 RO-data=820 RW-data=24 ZI-data=1888  
".\Objects\projet.axf" - 0 Error(s), 15 Warning(s).

<h2>Software Packages used:</h2>

Package Vendor: Keil
                http://www.keil.com/pack/Keil.STM32F1xx_DFP.2.2.0.pack
                Keil.STM32F1xx_DFP.2.2.0
                STMicroelectronics STM32F1 Series Device Support, Drivers and Examples

<h2>Collection of Component include folders:</h2>
  .\RTE\_Target_1
  D:\Keil5\Keil5file\Keil5Core\ARM\PACK\Keil\STM32F1xx_DFP\2.2.0\Device\Include

<h2>Collection of Component Files used:</h2>
Build Time Elapsed:  00:00:02
</pre>
</body>
</html>
